Archive member included to satisfy reference by file (symbol)

c:/intelfpga_lite/18.0/nios2eds/bin/gnu/h-x86_64-mingw32/bin/../lib/gcc/nios2-elf/5.3.0\libgcc.a(lib2-divmod.o)
                              obj/default/sine_approx.o (__divsi3)
c:/intelfpga_lite/18.0/nios2eds/bin/gnu/h-x86_64-mingw32/bin/../lib/gcc/nios2-elf/5.3.0\libgcc.a(adddf3.o)
                              obj/default/sine_approx.o (__adddf3)
c:/intelfpga_lite/18.0/nios2eds/bin/gnu/h-x86_64-mingw32/bin/../lib/gcc/nios2-elf/5.3.0\libgcc.a(muldf3.o)
                              obj/default/sine_approx.o (__muldf3)
c:/intelfpga_lite/18.0/nios2eds/bin/gnu/h-x86_64-mingw32/bin/../lib/gcc/nios2-elf/5.3.0\libgcc.a(extendsfdf2.o)
                              obj/default/sine_approx.o (__extendsfdf2)
c:/intelfpga_lite/18.0/nios2eds/bin/gnu/h-x86_64-mingw32/bin/../lib/gcc/nios2-elf/5.3.0\libgcc.a(truncdfsf2.o)
                              obj/default/sine_approx.o (__truncdfsf2)
c:/intelfpga_lite/18.0/nios2eds/bin/gnu/h-x86_64-mingw32/bin/../lib/gcc/nios2-elf/5.3.0\libgcc.a(_clzsi2.o)
                              c:/intelfpga_lite/18.0/nios2eds/bin/gnu/h-x86_64-mingw32/bin/../lib/gcc/nios2-elf/5.3.0\libgcc.a(adddf3.o) (__clzsi2)
c:/intelfpga_lite/18.0/nios2eds/bin/gnu/h-x86_64-mingw32/bin/../lib/gcc/nios2-elf/5.3.0\libgcc.a(_clz.o)
                              c:/intelfpga_lite/18.0/nios2eds/bin/gnu/h-x86_64-mingw32/bin/../lib/gcc/nios2-elf/5.3.0\libgcc.a(_clzsi2.o) (__clz_tab)
c:/intelfpga_lite/18.0/nios2eds/bin/gnu/h-x86_64-mingw32/bin/../lib/gcc/nios2-elf/5.3.0/../../../../../H-x86_64-mingw32/nios2-elf/lib\libc.a(lib_a-printf.o)
                              obj/default/sine_approx.o (printf)
c:/intelfpga_lite/18.0/nios2eds/bin/gnu/h-x86_64-mingw32/bin/../lib/gcc/nios2-elf/5.3.0/../../../../../H-x86_64-mingw32/nios2-elf/lib\libc.a(lib_a-vfprintf.o)
                              c:/intelfpga_lite/18.0/nios2eds/bin/gnu/h-x86_64-mingw32/bin/../lib/gcc/nios2-elf/5.3.0/../../../../../H-x86_64-mingw32/nios2-elf/lib\libc.a(lib_a-printf.o) (___vfprintf_internal_r)
c:/intelfpga_lite/18.0/nios2eds/bin/gnu/h-x86_64-mingw32/bin/../lib/gcc/nios2-elf/5.3.0/../../../../../H-x86_64-mingw32/nios2-elf/lib\libc.a(lib_a-wsetup.o)
                              c:/intelfpga_lite/18.0/nios2eds/bin/gnu/h-x86_64-mingw32/bin/../lib/gcc/nios2-elf/5.3.0/../../../../../H-x86_64-mingw32/nios2-elf/lib\libc.a(lib_a-vfprintf.o) (__swsetup_r)
c:/intelfpga_lite/18.0/nios2eds/bin/gnu/h-x86_64-mingw32/bin/../lib/gcc/nios2-elf/5.3.0/../../../../../H-x86_64-mingw32/nios2-elf/lib\libc.a(lib_a-dtoa.o)
                              c:/intelfpga_lite/18.0/nios2eds/bin/gnu/h-x86_64-mingw32/bin/../lib/gcc/nios2-elf/5.3.0/../../../../../H-x86_64-mingw32/nios2-elf/lib\libc.a(lib_a-vfprintf.o) (_dtoa_r)
c:/intelfpga_lite/18.0/nios2eds/bin/gnu/h-x86_64-mingw32/bin/../lib/gcc/nios2-elf/5.3.0/../../../../../H-x86_64-mingw32/nios2-elf/lib\libc.a(lib_a-fflush.o)
                              c:/intelfpga_lite/18.0/nios2eds/bin/gnu/h-x86_64-mingw32/bin/../lib/gcc/nios2-elf/5.3.0/../../../../../H-x86_64-mingw32/nios2-elf/lib\libc.a(lib_a-vfprintf.o) (_fflush_r)
c:/intelfpga_lite/18.0/nios2eds/bin/gnu/h-x86_64-mingw32/bin/../lib/gcc/nios2-elf/5.3.0/../../../../../H-x86_64-mingw32/nios2-elf/lib\libc.a(lib_a-findfp.o)
                              c:/intelfpga_lite/18.0/nios2eds/bin/gnu/h-x86_64-mingw32/bin/../lib/gcc/nios2-elf/5.3.0/../../../../../H-x86_64-mingw32/nios2-elf/lib\libc.a(lib_a-vfprintf.o) (__sinit)
c:/intelfpga_lite/18.0/nios2eds/bin/gnu/h-x86_64-mingw32/bin/../lib/gcc/nios2-elf/5.3.0/../../../../../H-x86_64-mingw32/nios2-elf/lib\libc.a(lib_a-freer.o)
                              c:/intelfpga_lite/18.0/nios2eds/bin/gnu/h-x86_64-mingw32/bin/../lib/gcc/nios2-elf/5.3.0/../../../../../H-x86_64-mingw32/nios2-elf/lib\libc.a(lib_a-wsetup.o) (_free_r)
c:/intelfpga_lite/18.0/nios2eds/bin/gnu/h-x86_64-mingw32/bin/../lib/gcc/nios2-elf/5.3.0/../../../../../H-x86_64-mingw32/nios2-elf/lib\libc.a(lib_a-fwalk.o)
                              c:/intelfpga_lite/18.0/nios2eds/bin/gnu/h-x86_64-mingw32/bin/../lib/gcc/nios2-elf/5.3.0/../../../../../H-x86_64-mingw32/nios2-elf/lib\libc.a(lib_a-findfp.o) (_fwalk)
c:/intelfpga_lite/18.0/nios2eds/bin/gnu/h-x86_64-mingw32/bin/../lib/gcc/nios2-elf/5.3.0/../../../../../H-x86_64-mingw32/nios2-elf/lib\libc.a(lib_a-impure.o)
                              c:/intelfpga_lite/18.0/nios2eds/bin/gnu/h-x86_64-mingw32/bin/../lib/gcc/nios2-elf/5.3.0/../../../../../H-x86_64-mingw32/nios2-elf/lib\libc.a(lib_a-fflush.o) (_global_impure_ptr)
c:/intelfpga_lite/18.0/nios2eds/bin/gnu/h-x86_64-mingw32/bin/../lib/gcc/nios2-elf/5.3.0/../../../../../H-x86_64-mingw32/nios2-elf/lib\libc.a(lib_a-locale.o)
                              c:/intelfpga_lite/18.0/nios2eds/bin/gnu/h-x86_64-mingw32/bin/../lib/gcc/nios2-elf/5.3.0/../../../../../H-x86_64-mingw32/nios2-elf/lib\libc.a(lib_a-vfprintf.o) (_localeconv_r)
[...]
Memory Configuration

Name             Origin             Length             Attributes
reset            0x0000000000040000 0x0000000000000020
onchip_memory2_0 0x0000000000040020 0x000000000003ffe0
*default*        0x0000000000000000 0xffffffffffffffff

Linker script and memory map

LOAD C:/Users/mtaha/Desktop/Uni/Year_3_2021_2022/ECE342_Labs/Lab6/part3/software/sine_approx_bsp//obj/HAL/src/crt0.o
LOAD obj/default/sine_approx.o
LOAD c:/intelfpga_lite/18.0/nios2eds/bin/gnu/h-x86_64-mingw32/bin/../lib/gcc/nios2-elf/5.3.0/../../../../../H-x86_64-mingw32/nios2-elf/lib\libstdc++.a
LOAD c:/intelfpga_lite/18.0/nios2eds/bin/gnu/h-x86_64-mingw32/bin/../lib/gcc/nios2-elf/5.3.0/../../../../../H-x86_64-mingw32/nios2-elf/lib\libm.a
LOAD c:/intelfpga_lite/18.0/nios2eds/bin/gnu/h-x86_64-mingw32/bin/../lib/gcc/nios2-elf/5.3.0\libgcc.a
START GROUP
LOAD c:/intelfpga_lite/18.0/nios2eds/bin/gnu/h-x86_64-mingw32/bin/../lib/gcc/nios2-elf/5.3.0/../../../../../H-x86_64-mingw32/nios2-elf/lib\libc.a
LOAD c:/intelfpga_lite/18.0/nios2eds/bin/gnu/h-x86_64-mingw32/bin/../lib/gcc/nios2-elf/5.3.0\libgcc.a
LOAD C:/Users/mtaha/Desktop/Uni/Year_3_2021_2022/ECE342_Labs/Lab6/part3/software/sine_approx_bsp/\libhal_bsp.a
LOAD c:/intelfpga_lite/18.0/nios2eds/bin/gnu/h-x86_64-mingw32/bin/../lib/gcc/nios2-elf/5.3.0/../../../../../H-x86_64-mingw32/nios2-elf/lib\libm.a
END GROUP
LOAD c:/intelfpga_lite/18.0/nios2eds/bin/gnu/h-x86_64-mingw32/bin/../lib/gcc/nios2-elf/5.3.0\libgcc.a
                0x0000000000040000                __alt_mem_onchip_memory2_0 = 0x40000

.entry          0x0000000000040000       0x20
 *(.entry)
 .entry         0x0000000000040000       0x20 C:/Users/mtaha/Desktop/Uni/Year_3_2021_2022/ECE342_Labs/Lab6/part3/software/sine_approx_bsp//obj/HAL/src/crt0.o
                0x0000000000040000                __reset

.exceptions     0x0000000000040020      0x224
                0x0000000000040020                PROVIDE (__ram_exceptions_start, ABSOLUTE (.))
                0x0000000000040020                . = ALIGN (0x20)
 *(.irq)
 *(.exceptions.entry.label)
 .exceptions.entry.label
                0x0000000000040020        0x0 C:/Users/mtaha/Desktop/Uni/Year_3_2021_2022/ECE342_Labs/Lab6/part3/software/sine_approx_bsp/\libhal_bsp.a(alt_irq_entry.o)
                0x0000000000040020                alt_irq_entry
 .exceptions.entry.label
                0x0000000000040020        0x0 C:/Users/mtaha/Desktop/Uni/Year_3_2021_2022/ECE342_Labs/Lab6/part3/software/sine_approx_bsp/\libhal_bsp.a(alt_exception_entry.o)
                0x0000000000040020                alt_exception
 *(.exceptions.entry.user)
 *(.exceptions.entry.ecc_fatal)
 *(.exceptions.entry)
 .exceptions.entry
                0x0000000000040020       0x54 C:/Users/mtaha/Desktop/Uni/Year_3_2021_2022/ECE342_Labs/Lab6/part3/software/sine_approx_bsp/\libhal_bsp.a(alt_exception_entry.o)
 *(.exceptions.irqtest.user)
 *(.exceptions.irqtest)
 .exceptions.irqtest
                0x0000000000040074       0x10 C:/Users/mtaha/Desktop/Uni/Year_3_2021_2022/ECE342_Labs/Lab6/part3/software/sine_approx_bsp/\libhal_bsp.a(alt_irq_entry.o)
 *(.exceptions.irqhandler.user)
 *(.exceptions.irqhandler)
 .exceptions.irqhandler
                0x0000000000040084        0x4 C:/Users/mtaha/Desktop/Uni/Year_3_2021_2022/ECE342_Labs/Lab6/part3/software/sine_approx_bsp/\libhal_bsp.a(alt_irq_entry.o)
 *(.exceptions.irqreturn.user)
 *(.exceptions.irqreturn)
 .exceptions.irqreturn
                0x0000000000040088        0x4 C:/Users/mtaha/Desktop/Uni/Year_3_2021_2022/ECE342_Labs/Lab6/part3/software/sine_approx_bsp/\libhal_bsp.a(alt_irq_entry.o)
 *(.exceptions.notirq.label)
 .exceptions.notirq.label
                0x000000000004008c        0x0 C:/Users/mtaha/Desktop/Uni/Year_3_2021_2022/ECE342_Labs/Lab6/part3/software/sine_approx_bsp/\libhal_bsp.a(alt_irq_entry.o)
 *(.exceptions.notirq.user)
 *(.exceptions.notirq)
 .exceptions.notirq
                0x000000000004008c        0x8 C:/Users/mtaha/Desktop/Uni/Year_3_2021_2022/ECE342_Labs/Lab6/part3/software/sine_approx_bsp/\libhal_bsp.a(alt_exception_entry.o)
 *(.exceptions.soft.user)
 *(.exceptions.soft)
 *(.exceptions.unknown.user)
 *(.exceptions.unknown)
 .exceptions.unknown
                0x0000000000040094       0x14 C:/Users/mtaha/Desktop/Uni/Year_3_2021_2022/ECE342_Labs/Lab6/part3/software/sine_approx_bsp/\libhal_bsp.a(alt_exception_entry.o)
 *(.exceptions.exit.label)
 .exceptions.exit.label
                0x00000000000400a8        0x0 C:/Users/mtaha/Desktop/Uni/Year_3_2021_2022/ECE342_Labs/Lab6/part3/software/sine_approx_bsp/\libhal_bsp.a(alt_irq_entry.o)
 .exceptions.exit.label
                0x00000000000400a8        0x0 C:/Users/mtaha/Desktop/Uni/Year_3_2021_2022/ECE342_Labs/Lab6/part3/software/sine_approx_bsp/\libhal_bsp.a(alt_exception_entry.o)
 *(.exceptions.exit.user)
 *(.exceptions.exit)
 .exceptions.exit
                0x00000000000400a8       0x54 C:/Users/mtaha/Desktop/Uni/Year_3_2021_2022/ECE342_Labs/Lab6/part3/software/sine_approx_bsp/\libhal_bsp.a(alt_exception_entry.o)
 *(.exceptions)
 .exceptions    0x00000000000400fc       0xd4 C:/Users/mtaha/Desktop/Uni/Year_3_2021_2022/ECE342_Labs/Lab6/part3/software/sine_approx_bsp/\libhal_bsp.a(alt_irq_handler.o)
                0x00000000000400fc                alt_irq_handler
 .exceptions    0x00000000000401d0       0x74 C:/Users/mtaha/Desktop/Uni/Year_3_2021_2022/ECE342_Labs/Lab6/part3/software/sine_approx_bsp/\libhal_bsp.a(alt_instruction_exception_entry.o)
                0x00000000000401d0                alt_instruction_exception_entry
                0x0000000000040244                PROVIDE (__ram_exceptions_end, ABSOLUTE (.))
                0x0000000000040020                PROVIDE (__flash_exceptions_start, LOADADDR (.exceptions))

.text           0x0000000000040244     0xfb1c
                [!provide]                        PROVIDE (stext, ABSOLUTE (.))
 *(.interp)
 *(.hash)
 *(.dynsym)
 *(.dynstr)
 *(.gnu.version)
 *(.gnu.version_d)
 *(.gnu.version_r)
 *(.rel.init)
 *(.rela.init)
 *(.rel.text .rel.text.* .rel.gnu.linkonce.t.*)
 *(.rela.text .rela.text.* .rela.gnu.linkonce.t.*)
 *(.rel.fini)
 *(.rela.fini)
 *(.rel.rodata .rel.rodata.* .rel.gnu.linkonce.r.*)
 *(.rela.rodata .rela.rodata.* .rela.gnu.linkonce.r.*)
 *(.rel.data .rel.data.* .rel.gnu.linkonce.d.*)
 *(.rela.data .rela.data.* .rela.gnu.linkonce.d.*)
 *(.rel.tdata .rel.tdata.* .rel.gnu.linkonce.td.*)
 *(.rela.tdata .rela.tdata.* .rela.gnu.linkonce.td.*)
 *(.rel.tbss .rel.tbss.* .rel.gnu.linkonce.tb.*)
 *(.rela.tbss .rela.tbss.* .rela.gnu.linkonce.tb.*)
 *(.rel.ctors)
 *(.rela.ctors)
 *(.rel.dtors)
 *(.rela.dtors)
 *(.rel.got)
 *(.rela.got)
 *(.rel.sdata .rel.sdata.* .rel.gnu.linkonce.s.*)
 *(.rela.sdata .rela.sdata.* .rela.gnu.linkonce.s.*)
 *(.rel.sbss .rel.sbss.* .rel.gnu.linkonce.sb.*)
 *(.rela.sbss .rela.sbss.* .rela.gnu.linkonce.sb.*)
 *(.rel.sdata2 .rel.sdata2.* .rel.gnu.linkonce.s2.*)
 *(.rela.sdata2 .rela.sdata2.* .rela.gnu.linkonce.s2.*)
 *(.rel.sbss2 .rel.sbss2.* .rel.gnu.linkonce.sb2.*)
 *(.rela.sbss2 .rela.sbss2.* .rela.gnu.linkonce.sb2.*)
 *(.rel.bss .rel.bss.* .rel.gnu.linkonce.b.*)
 *(.rela.bss .rela.bss.* .rela.gnu.linkonce.b.*)
 *(.rel.plt)
 *(.rela.plt)
 *(.rel.dyn)
 *(.init)
 *(.plt)
 *(.text .stub .text.* .gnu.linkonce.t.*)
 .text          0x0000000000040244       0x4c C:/Users/mtaha/Desktop/Uni/Year_3_2021_2022/ECE342_Labs/Lab6/part3/software/sine_approx_bsp//obj/HAL/src/crt0.o
                0x0000000000040244                _start
 .text          0x0000000000040290      0x78c obj/default/sine_approx.o
                0x0000000000040290                SET_Q_FORMAT
                0x00000000000402d8                FLOAT_TO_FIXED
                0x000000000004030c                FIXED_TO_FLOAT
                0x0000000000040348                FIXED_MULT
                0x0000000000040380                EMA_FLOAT
                0x00000000000405a8                main
 .text          0x0000000000040a1c      0x1b4 c:/intelfpga_lite/18.0/nios2eds/bin/gnu/h-x86_64-mingw32/bin/../lib/gcc/nios2-elf/5.3.0\libgcc.a(lib2-divmod.o)
                0x0000000000040a1c                __divsi3
                0x0000000000040aa0                __modsi3
                0x0000000000040b14                __udivsi3
                0x0000000000040b78                __umodsi3
 .text          0x0000000000040bd0      0x8ac c:/intelfpga_lite/18.0/nios2eds/bin/gnu/h-x86_64-mingw32/bin/../lib/gcc/nios2-elf/5.3.0\libgcc.a(adddf3.o)
                0x0000000000040bd0                __adddf3
 .text          0x000000000004147c      0x718 c:/intelfpga_lite/18.0/nios2eds/bin/gnu/h-x86_64-mingw32/bin/../lib/gcc/nios2-elf/5.3.0\libgcc.a(muldf3.o)
                0x000000000004147c                __muldf3
 .text          0x0000000000041b94      0x110 c:/intelfpga_lite/18.0/nios2eds/bin/gnu/h-x86_64-mingw32/bin/../lib/gcc/nios2-elf/5.3.0\libgcc.a(extendsfdf2.o)
                0x0000000000041b94                __extendsfdf2
 .text          0x0000000000041ca4      0x1a8 c:/intelfpga_lite/18.0/nios2eds/bin/gnu/h-x86_64-mingw32/bin/../lib/gcc/nios2-elf/5.3.0\libgcc.a(truncdfsf2.o)
                0x0000000000041ca4                __truncdfsf2
 .text          0x0000000000041e4c       0x64 c:/intelfpga_lite/18.0/nios2eds/bin/gnu/h-x86_64-mingw32/bin/../lib/gcc/nios2-elf/5.3.0\libgcc.a(_clzsi2.o)
                0x0000000000041e4c                __clzsi2
 .text          0x0000000000041eb0        0x0 c:/intelfpga_lite/18.0/nios2eds/bin/gnu/h-x86_64-mingw32/bin/../lib/gcc/nios2-elf/5.3.0\libgcc.a(_clz.o)
 .text          0x0000000000041eb0        0x0 c:/intelfpga_lite/18.0/nios2eds/bin/gnu/h-x86_64-mingw32/bin/../lib/gcc/nios2-elf/5.3.0/../../../../../H-x86_64-mingw32/nios2-elf/lib\libc.a(lib_a-printf.o)
 .text._printf_r
                0x0000000000041eb0       0x30 c:/intelfpga_lite/18.0/nios2eds/bin/gnu/h-x86_64-mingw32/bin/../lib/gcc/nios2-elf/5.3.0/../../../../../H-x86_64-mingw32/nios2-elf/lib\libc.a(lib_a-printf.o)
                0x0000000000041eb0                _printf_r
 .text.printf   0x0000000000041ee0       0x3c c:/intelfpga_lite/18.0/nios2eds/bin/gnu/h-x86_64-mingw32/bin/../lib/gcc/nios2-elf/5.3.0/../../../../../H-x86_64-mingw32/nios2-elf/lib\libc.a(lib_a-printf.o)
                0x0000000000041ee0                printf
 .text          0x0000000000041f1c        0x0 c:/intelfpga_lite/18.0/nios2eds/bin/gnu/h-x86_64-mingw32/bin/../lib/gcc/nios2-elf/5.3.0/../../../../../H-x86_64-mingw32/nios2-elf/lib\libc.a(lib_a-vfprintf.o)
 .text.___vfprintf_internal_r
                0x0000000000041f1c     0x21f8 c:/intelfpga_lite/18.0/nios2eds/bin/gnu/h-x86_64-mingw32/bin/../lib/gcc/nios2-elf/5.3.0/../../../../../H-x86_64-mingw32/nios2-elf/lib\libc.a(lib_a-vfprintf.o)
                0x0000000000041f1c                ___vfprintf_internal_r
 .text.__vfprintf_internal
                0x0000000000044114       0x1c c:/intelfpga_lite/18.0/nios2eds/bin/gnu/h-x86_64-mingw32/bin/../lib/gcc/nios2-elf/5.3.0/../../../../../H-x86_64-mingw32/nios2-elf/lib\libc.a(lib_a-vfprintf.o)
                0x0000000000044114                __vfprintf_internal
 .text.__sbprintf
                0x0000000000044130       0xbc c:/intelfpga_lite/18.0/nios2eds/bin/gnu/h-x86_64-mingw32/bin/../lib/gcc/nios2-elf/5.3.0/../../../../../H-x86_64-mingw32/nios2-elf/lib\libc.a(lib_a-vfprintf.o)
 .text          0x00000000000441ec        0x0 c:/intelfpga_lite/18.0/nios2eds/bin/gnu/h-x86_64-mingw32/bin/../lib/gcc/nios2-elf/5.3.0/../../../../../H-x86_64-mingw32/nios2-elf/lib\libc.a(lib_a-wsetup.o)
 .text.__swsetup_r
                0x00000000000441ec      0x154 c:/intelfpga_lite/18.0/nios2eds/bin/gnu/h-x86_64-mingw32/bin/../lib/gcc/nios2-elf/5.3.0/../../../../../H-x86_64-mingw32/nios2-elf/lib\libc.a(lib_a-wsetup.o)
                0x00000000000441ec                __swsetup_r
 .text          0x0000000000044340        0x0 c:/intelfpga_lite/18.0/nios2eds/bin/gnu/h-x86_64-mingw32/bin/../lib/gcc/nios2-elf/5.3.0/../../../../../H-x86_64-mingw32/nios2-elf/lib\libc.a(lib_a-dtoa.o)
 .text.quorem   0x0000000000044340      0x200 c:/intelfpga_lite/18.0/nios2eds/bin/gnu/h-x86_64-mingw32/bin/../lib/gcc/nios2-elf/5.3.0/../../../../../H-x86_64-mingw32/nios2-elf/lib\libc.a(lib_a-dtoa.o)
 .text._dtoa_r  0x0000000000044540     0x1688 c:/intelfpga_lite/18.0/nios2eds/bin/gnu/h-x86_64-mingw32/bin/../lib/gcc/nios2-elf/5.3.0/../../../../../H-x86_64-mingw32/nios2-elf/lib\libc.a(lib_a-dtoa.o)
                0x0000000000044540                _dtoa_r
 .text          0x0000000000045bc8        0x0 c:/intelfpga_lite/18.0/nios2eds/bin/gnu/h-x86_64-mingw32/bin/../lib/gcc/nios2-elf/5.3.0/../../../../../H-x86_64-mingw32/nios2-elf/lib\libc.a(lib_a-fflush.o)
 .text.__sflush_r
                0x0000000000045bc8      0x21c c:/intelfpga_lite/18.0/nios2eds/bin/gnu/h-x86_64-mingw32/bin/../lib/gcc/nios2-elf/5.3.0/../../../../../H-x86_64-mingw32/nios2-elf/lib\libc.a(lib_a-fflush.o)
                0x0000000000045bc8                __sflush_r
 .text._fflush_r
                0x0000000000045de4       0x5c c:/intelfpga_lite/18.0/nios2eds/bin/gnu/h-x86_64-mingw32/bin/../lib/gcc/nios2-elf/5.3.0/../../../../../H-x86_64-mingw32/nios2-elf/lib\libc.a(lib_a-fflush.o)
                0x0000000000045de4                _fflush_r
 .text.fflush   0x0000000000045e40       0x30 c:/intelfpga_lite/18.0/nios2eds/bin/gnu/h-x86_64-mingw32/bin/../lib/gcc/nios2-elf/5.3.0/../../../../../H-x86_64-mingw32/nios2-elf/lib\libc.a(lib_a-fflush.o)
                0x0000000000045e40                fflush
 .text          0x0000000000045e70        0x0 c:/intelfpga_lite/18.0/nios2eds/bin/gnu/h-x86_64-mingw32/bin/../lib/gcc/nios2-elf/5.3.0/../../../../../H-x86_64-mingw32/nios2-elf/lib\libc.a(lib_a-findfp.o)
 .text.__fp_unlock
                0x0000000000045e70        0x8 c:/intelfpga_lite/18.0/nios2eds/bin/gnu/h-x86_64-mingw32/bin/../lib/gcc/nios2-elf/5.3.0/../../../../../H-x86_64-mingw32/nios2-elf/lib\libc.a(lib_a-findfp.o)
 .text._cleanup_r
                0x0000000000045e78        0xc c:/intelfpga_lite/18.0/nios2eds/bin/gnu/h-x86_64-mingw32/bin/../lib/gcc/nios2-elf/5.3.0/../../../../../H-x86_64-mingw32/nios2-elf/lib\libc.a(lib_a-findfp.o)
                0x0000000000045e78                _cleanup_r
 .text.__sinit.part.1
                0x0000000000045e84      0x19c c:/intelfpga_lite/18.0/nios2eds/bin/gnu/h-x86_64-mingw32/bin/../lib/gcc/nios2-elf/5.3.0/../../../../../H-x86_64-mingw32/nios2-elf/lib\libc.a(lib_a-findfp.o)
 .text.__fp_lock
                0x0000000000046020        0x8 c:/intelfpga_lite/18.0/nios2eds/bin/gnu/h-x86_64-mingw32/bin/../lib/gcc/nios2-elf/5.3.0/../../../../../H-x86_64-mingw32/nios2-elf/lib\libc.a(lib_a-findfp.o)
 .text.__sfmoreglue
                0x0000000000046028       0x68 c:/intelfpga_lite/18.0/nios2eds/bin/gnu/h-x86_64-mingw32/bin/../lib/gcc/nios2-elf/5.3.0/../../../../../H-x86_64-mingw32/nios2-elf/lib\libc.a(lib_a-findfp.o)
                0x0000000000046028                __sfmoreglue
 .text.__sfp    0x0000000000046090      0x118 c:/intelfpga_lite/18.0/nios2eds/bin/gnu/h-x86_64-mingw32/bin/../lib/gcc/nios2-elf/5.3.0/../../../../../H-x86_64-mingw32/nios2-elf/lib\libc.a(lib_a-findfp.o)
                0x0000000000046090                __sfp
 .text._cleanup
                0x00000000000461a8       0x18 c:/intelfpga_lite/18.0/nios2eds/bin/gnu/h-x86_64-mingw32/bin/../lib/gcc/nios2-elf/5.3.0/../../../../../H-x86_64-mingw32/nios2-elf/lib\libc.a(lib_a-findfp.o)
                0x00000000000461a8                _cleanup
 .text.__sinit  0x00000000000461c0       0x10 c:/intelfpga_lite/18.0/nios2eds/bin/gnu/h-x86_64-mingw32/bin/../lib/gcc/nios2-elf/5.3.0/../../../../../H-x86_64-mingw32/nios2-elf/lib\libc.a(lib_a-findfp.o)
                0x00000000000461c0                __sinit
 .text.__sfp_lock_acquire
                0x00000000000461d0        0x4 c:/intelfpga_lite/18.0/nios2eds/bin/gnu/h-x86_64-mingw32/bin/../lib/gcc/nios2-elf/5.3.0/../../../../../H-x86_64-mingw32/nios2-elf/lib\libc.a(lib_a-findfp.o)
                0x00000000000461d0                __sfp_lock_acquire
 .text.__sfp_lock_release
                0x00000000000461d4        0x4 c:/intelfpga_lite/18.0/nios2eds/bin/gnu/h-x86_64-mingw32/bin/../lib/gcc/nios2-elf/5.3.0/../../../../../H-x86_64-mingw32/nios2-elf/lib\libc.a(lib_a-findfp.o)
                0x00000000000461d4                __sfp_lock_release
 .text.__sinit_lock_acquire
                0x00000000000461d8        0x4 c:/intelfpga_lite/18.0/nios2eds/bin/gnu/h-x86_64-mingw32/bin/../lib/gcc/nios2-elf/5.3.0/../../../../../H-x86_64-mingw32/nios2-elf/lib\libc.a(lib_a-findfp.o)
                0x00000000000461d8                __sinit_lock_acquire
 .text.__sinit_lock_release
                0x00000000000461dc        0x4 c:/intelfpga_lite/18.0/nios2eds/bin/gnu/h-x86_64-mingw32/bin/../lib/gcc/nios2-elf/5.3.0/../../../../../H-x86_64-mingw32/nios2-elf/lib\libc.a(lib_a-findfp.o)
                0x00000000000461dc                __sinit_lock_release
 .text.__fp_lock_all
                0x00000000000461e0       0x18 c:/intelfpga_lite/18.0/nios2eds/bin/gnu/h-x86_64-mingw32/bin/../lib/gcc/nios2-elf/5.3.0/../../../../../H-x86_64-mingw32/nios2-elf/lib\libc.a(lib_a-findfp.o)
                0x00000000000461e0                __fp_lock_all
 .text.__fp_unlock_all
                0x00000000000461f8       0x18 c:/intelfpga_lite/18.0/nios2eds/bin/gnu/h-x86_64-mingw32/bin/../lib/gcc/nios2-elf/5.3.0/../../../../../H-x86_64-mingw32/nios2-elf/lib\libc.a(lib_a-findfp.o)
                0x00000000000461f8                __fp_unlock_all
 .text          0x0000000000046210        0x0 c:/intelfpga_lite/18.0/nios2eds/bin/gnu/h-x86_64-mingw32/bin/../lib/gcc/nios2-elf/5.3.0/../../../../../H-x86_64-mingw32/nios2-elf/lib\libc.a(lib_a-freer.o)
 .text._malloc_trim_r
                0x0000000000046210      0x124 c:/intelfpga_lite/18.0/nios2eds/bin/gnu/h-x86_64-mingw32/bin/../lib/gcc/nios2-elf/5.3.0/../../../../../H-x86_64-mingw32/nios2-elf/lib\libc.a(lib_a-freer.o)
                0x0000000000046210                _malloc_trim_r
 .text._free_r  0x0000000000046334      0x310 c:/intelfpga_lite/18.0/nios2eds/bin/gnu/h-x86_64-mingw32/bin/../lib/gcc/nios2-elf/5.3.0/../../../../../H-x86_64-mingw32/nios2-elf/lib\libc.a(lib_a-freer.o)
                0x0000000000046334                _free_r
 .text          0x0000000000046644        0x0 c:/intelfpga_lite/18.0/nios2eds/bin/gnu/h-x86_64-mingw32/bin/../lib/gcc/nios2-elf/5.3.0/../../../../../H-x86_64-mingw32/nios2-elf/lib\libc.a(lib_a-fwalk.o)
 .text._fwalk   0x0000000000046644       0xc4 c:/intelfpga_lite/18.0/nios2eds/bin/gnu/h-x86_64-mingw32/bin/../lib/gcc/nios2-elf/5.3.0/../../../../../H-x86_64-mingw32/nios2-elf/lib\libc.a(lib_a-fwalk.o)
                0x0000000000046644                _fwalk
 .text._fwalk_reent
                0x0000000000046708       0xc4 c:/intelfpga_lite/18.0/nios2eds/bin/gnu/h-x86_64-mingw32/bin/../lib/gcc/nios2-elf/5.3.0/../../../../../H-x86_64-mingw32/nios2-elf/lib\libc.a(lib_a-fwalk.o)
                0x0000000000046708                _fwalk_reent
 .text          0x00000000000467cc        0x0 c:/intelfpga_lite/18.0/nios2eds/bin/gnu/h-x86_64-mingw32/bin/../lib/gcc/nios2-elf/5.3.0/../../../../../H-x86_64-mingw32/nios2-elf/lib\libc.a(lib_a-impure.o)
 .text          0x00000000000467cc        0x0 c:/intelfpga_lite/18.0/nios2eds/bin/gnu/h-x86_64-mingw32/bin/../lib/gcc/nios2-elf/5.3.0/../../../../../H-x86_64-mingw32/nios2-elf/lib\libc.a(lib_a-locale.o)
 .text._setlocale_r
                0x00000000000467cc       0x7c c:/intelfpga_lite/18.0/nios2eds/bin/gnu/h-x86_64-mingw32/bin/../lib/gcc/nios2-elf/5.3.0/../../../../../H-x86_64-mingw32/nios2-elf/lib\libc.a(lib_a-locale.o)
                0x00000000000467cc                _setlocale_r
 .text.__locale_charset
                0x0000000000046848        0xc c:/intelfpga_lite/18.0/nios2eds/bin/gnu/h-x86_64-mingw32/bin/../lib/gcc/nios2-elf/5.3.0/../../../../../H-x86_64-mingw32/nios2-elf/lib\libc.a(lib_a-locale.o)
                0x0000000000046848                __locale_charset
 .text.__locale_mb_cur_max
                0x0000000000046854       0x10 c:/intelfpga_lite/18.0/nios2eds/bin/gnu/h-x86_64-mingw32/bin/../lib/gcc/nios2-elf/5.3.0/../../../../../H-x86_64-mingw32/nios2-elf/lib\libc.a(lib_a-locale.o)
                0x0000000000046854                __locale_mb_cur_max
 .text.__locale_msgcharset
                0x0000000000046864        0xc c:/intelfpga_lite/18.0/nios2eds/bin/gnu/h-x86_64-mingw32/bin/../lib/gcc/nios2-elf/5.3.0/../../../../../H-x86_64-mingw32/nios2-elf/lib\libc.a(lib_a-locale.o)
                0x0000000000046864                __locale_msgcharset
 .text.__locale_cjk_lang
                0x0000000000046870        0x8 c:/intelfpga_lite/18.0/nios2eds/bin/gnu/h-x86_64-mingw32/bin/../lib/gcc/nios2-elf/5.3.0/../../../../../H-x86_64-mingw32/nios2-elf/lib\libc.a(lib_a-locale.o)
                0x0000000000046870                __locale_cjk_lang
 .text._localeconv_r
                0x0000000000046878        0xc c:/intelfpga_lite/18.0/nios2eds/bin/gnu/h-x86_64-mingw32/bin/../lib/gcc/nios2-elf/5.3.0/../../../../../H-x86_64-mingw32/nios2-elf/lib\libc.a(lib_a-locale.o)
                0x0000000000046878                _localeconv_r
 .text.setlocale
                0x0000000000046884       0x18 c:/intelfpga_lite/18.0/nios2eds/bin/gnu/h-x86_64-mingw32/bin/../lib/gcc/nios2-elf/5.3.0/../../../../../H-x86_64-mingw32/nios2-elf/lib\libc.a(lib_a-locale.o)
                0x0000000000046884                setlocale
 .text.localeconv
                0x000000000004689c        0xc c:/intelfpga_lite/18.0/nios2eds/bin/gnu/h-x86_64-mingw32/bin/../lib/gcc/nios2-elf/5.3.0/../../../../../H-x86_64-mingw32/nios2-elf/lib\libc.a(lib_a-locale.o)
                0x000000000004689c                localeconv
 .text          0x00000000000468a8        0x0 c:/intelfpga_lite/18.0/nios2eds/bin/gnu/h-x86_64-mingw32/bin/../lib/gcc/nios2-elf/5.3.0/../../../../../H-x86_64-mingw32/nios2-elf/lib\libc.a(lib_a-makebuf.o)
 .text.__smakebuf_r
                0x00000000000468a8      0x1bc c:/intelfpga_lite/18.0/nios2eds/bin/gnu/h-x86_64-mingw32/bin/../lib/gcc/nios2-elf/5.3.0/../../../../../H-x86_64-mingw32/nios2-elf/lib\libc.a(lib_a-makebuf.o)
                0x00000000000468a8                __smakebuf_r
 .text          0x0000000000046a64        0x0 c:/intelfpga_lite/18.0/nios2eds/bin/gnu/h-x86_64-mingw32/bin/../lib/gcc/nios2-elf/5.3.0/../../../../../H-x86_64-mingw32/nios2-elf/lib\libc.a(lib_a-mallocr.o)
 .text._malloc_r
                0x0000000000046a64      0x80c c:/intelfpga_lite/18.0/nios2eds/bin/gnu/h-x86_64-mingw32/bin/../lib/gcc/nios2-elf/5.3.0/../../../../../H-x86_64-mingw32/nios2-elf/lib\libc.a(lib_a-mallocr.o)
                0x0000000000046a64                _malloc_r
 .text          0x0000000000047270        0x0 c:/intelfpga_lite/18.0/nios2eds/bin/gnu/h-x86_64-mingw32/bin/../lib/gcc/nios2-elf/5.3.0/../../../../../H-x86_64-mingw32/nios2-elf/lib\libc.a(lib_a-memchr.o)
 .text.memchr   0x0000000000047270       0xe4 c:/intelfpga_lite/18.0/nios2eds/bin/gnu/h-x86_64-mingw32/bin/../lib/gcc/nios2-elf/5.3.0/../../../../../H-x86_64-mingw32/nios2-elf/lib\libc.a(lib_a-memchr.o)
                0x0000000000047270                memchr
 .text          0x0000000000047354        0x0 c:/intelfpga_lite/18.0/nios2eds/bin/gnu/h-x86_64-mingw32/bin/../lib/gcc/nios2-elf/5.3.0/../../../../../H-x86_64-mingw32/nios2-elf/lib\libc.a(lib_a-memcpy.o)
 .text.memcpy   0x0000000000047354      0x148 c:/intelfpga_lite/18.0/nios2eds/bin/gnu/h-x86_64-mingw32/bin/../lib/gcc/nios2-elf/5.3.0/../../../../../H-x86_64-mingw32/nios2-elf/lib\libc.a(lib_a-memcpy.o)
                0x0000000000047354                memcpy
 .text          0x000000000004749c        0x0 c:/intelfpga_lite/18.0/nios2eds/bin/gnu/h-x86_64-mingw32/bin/../lib/gcc/nios2-elf/5.3.0/../../../../../H-x86_64-mingw32/nios2-elf/lib\libc.a(lib_a-memset.o)
 .text.memset   0x000000000004749c      0x128 c:/intelfpga_lite/18.0/nios2eds/bin/gnu/h-x86_64-mingw32/bin/../lib/gcc/nios2-elf/5.3.0/../../../../../H-x86_64-mingw32/nios2-elf/lib\libc.a(lib_a-memset.o)
                0x000000000004749c                memset
 .text          0x00000000000475c4        0x0 c:/intelfpga_lite/18.0/nios2eds/bin/gnu/h-x86_64-mingw32/bin/../lib/gcc/nios2-elf/5.3.0/../../../../../H-x86_64-mingw32/nios2-elf/lib\libc.a(lib_a-mprec.o)
 .text._Balloc  0x00000000000475c4       0xa8 c:/intelfpga_lite/18.0/nios2eds/bin/gnu/h-x86_64-mingw32/bin/../lib/gcc/nios2-elf/5.3.0/../../../../../H-x86_64-mingw32/nios2-elf/lib\libc.a(lib_a-mprec.o)
                0x00000000000475c4                _Balloc
 .text._Bfree   0x000000000004766c       0x28 c:/intelfpga_lite/18.0/nios2eds/bin/gnu/h-x86_64-mingw32/bin/../lib/gcc/nios2-elf/5.3.0/../../../../../H-x86_64-mingw32/nios2-elf/lib\libc.a(lib_a-mprec.o)
                0x000000000004766c                _Bfree
 .text.__multadd
                0x0000000000047694      0x120 c:/intelfpga_lite/18.0/nios2eds/bin/gnu/h-x86_64-mingw32/bin/../lib/gcc/nios2-elf/5.3.0/../../../../../H-x86_64-mingw32/nios2-elf/lib\libc.a(lib_a-mprec.o)
                0x0000000000047694                __multadd
 .text.__s2b    0x00000000000477b4      0x104 c:/intelfpga_lite/18.0/nios2eds/bin/gnu/h-x86_64-mingw32/bin/../lib/gcc/nios2-elf/5.3.0/../../../../../H-x86_64-mingw32/nios2-elf/lib\libc.a(lib_a-mprec.o)
                0x00000000000477b4                __s2b
 .text.__hi0bits
                0x00000000000478b8       0x68 c:/intelfpga_lite/18.0/nios2eds/bin/gnu/h-x86_64-mingw32/bin/../lib/gcc/nios2-elf/5.3.0/../../../../../H-x86_64-mingw32/nios2-elf/lib\libc.a(lib_a-mprec.o)
                0x00000000000478b8                __hi0bits
 .text.__lo0bits
                0x0000000000047920       0xb0 c:/intelfpga_lite/18.0/nios2eds/bin/gnu/h-x86_64-mingw32/bin/../lib/gcc/nios2-elf/5.3.0/../../../../../H-x86_64-mingw32/nios2-elf/lib\libc.a(lib_a-mprec.o)
                0x0000000000047920                __lo0bits
 .text.__i2b    0x00000000000479d0       0x3c c:/intelfpga_lite/18.0/nios2eds/bin/gnu/h-x86_64-mingw32/bin/../lib/gcc/nios2-elf/5.3.0/../../../../../H-x86_64-mingw32/nios2-elf/lib\libc.a(lib_a-mprec.o)
                0x00000000000479d0                __i2b
 .text.__multiply
                0x0000000000047a0c      0x1f8 c:/intelfpga_lite/18.0/nios2eds/bin/gnu/h-x86_64-mingw32/bin/../lib/gcc/nios2-elf/5.3.0/../../../../../H-x86_64-mingw32/nios2-elf/lib\libc.a(lib_a-mprec.o)
                0x0000000000047a0c                __multiply
 .text.__pow5mult
                0x0000000000047c04      0x140 c:/intelfpga_lite/18.0/nios2eds/bin/gnu/h-x86_64-mingw32/bin/../lib/gcc/nios2-elf/5.3.0/../../../../../H-x86_64-mingw32/nios2-elf/lib\libc.a(lib_a-mprec.o)
                0x0000000000047c04                __pow5mult
 .text.__lshift
                0x0000000000047d44      0x148 c:/intelfpga_lite/18.0/nios2eds/bin/gnu/h-x86_64-mingw32/bin/../lib/gcc/nios2-elf/5.3.0/../../../../../H-x86_64-mingw32/nios2-elf/lib\libc.a(lib_a-mprec.o)
                0x0000000000047d44                __lshift
 .text.__mcmp   0x0000000000047e8c       0x60 c:/intelfpga_lite/18.0/nios2eds/bin/gnu/h-x86_64-mingw32/bin/../lib/gcc/nios2-elf/5.3.0/../../../../../H-x86_64-mingw32/nios2-elf/lib\libc.a(lib_a-mprec.o)
                0x0000000000047e8c                __mcmp
 .text.__mdiff  0x0000000000047eec      0x1fc c:/intelfpga_lite/18.0/nios2eds/bin/gnu/h-x86_64-mingw32/bin/../lib/gcc/nios2-elf/5.3.0/../../../../../H-x86_64-mingw32/nios2-elf/lib\libc.a(lib_a-mprec.o)
                0x0000000000047eec                __mdiff
 .text.__ulp    0x00000000000480e8       0x64 c:/intelfpga_lite/18.0/nios2eds/bin/gnu/h-x86_64-mingw32/bin/../lib/gcc/nios2-elf/5.3.0/../../../../../H-x86_64-mingw32/nios2-elf/lib\libc.a(lib_a-mprec.o)
                0x00000000000480e8                __ulp
 .text.__b2d    0x000000000004814c      0x10c c:/intelfpga_lite/18.0/nios2eds/bin/gnu/h-x86_64-mingw32/bin/../lib/gcc/nios2-elf/5.3.0/../../../../../H-x86_64-mingw32/nios2-elf/lib\libc.a(lib_a-mprec.o)
                0x000000000004814c                __b2d
 .text.__d2b    0x0000000000048258      0x14c c:/intelfpga_lite/18.0/nios2eds/bin/gnu/h-x86_64-mingw32/bin/../lib/gcc/nios2-elf/5.3.0/../../../../../H-x86_64-mingw32/nios2-elf/lib\libc.a(lib_a-mprec.o)
                0x0000000000048258                __d2b
 .text.__ratio  0x00000000000483a4       0xa4 c:/intelfpga_lite/18.0/nios2eds/bin/gnu/h-x86_64-mingw32/bin/../lib/gcc/nios2-elf/5.3.0/../../../../../H-x86_64-mingw32/nios2-elf/lib\libc.a(lib_a-mprec.o)
                0x00000000000483a4                __ratio
 .text._mprec_log10
                0x0000000000048448       0x74 c:/intelfpga_lite/18.0/nios2eds/bin/gnu/h-x86_64-mingw32/bin/../lib/gcc/nios2-elf/5.3.0/../../../../../H-x86_64-mingw32/nios2-elf/lib\libc.a(lib_a-mprec.o)
                0x0000000000048448                _mprec_log10
 .text.__copybits
                0x00000000000484bc       0x78 c:/intelfpga_lite/18.0/nios2eds/bin/gnu/h-x86_64-mingw32/bin/../lib/gcc/nios2-elf/5.3.0/../../../../../H-x86_64-mingw32/nios2-elf/lib\libc.a(lib_a-mprec.o)
                0x00000000000484bc                __copybits
 .text.__any_on
                0x0000000000048534       0x8c c:/intelfpga_lite/18.0/nios2eds/bin/gnu/h-x86_64-mingw32/bin/../lib/gcc/nios2-elf/5.3.0/../../../../../H-x86_64-mingw32/nios2-elf/lib\libc.a(lib_a-mprec.o)
                0x0000000000048534                __any_on
 .text          0x00000000000485c0        0x0 c:/intelfpga_lite/18.0/nios2eds/bin/gnu/h-x86_64-mingw32/bin/../lib/gcc/nios2-elf/5.3.0/../../../../../H-x86_64-mingw32/nios2-elf/lib\libc.a(lib_a-s_fpclassify.o)
 .text.__fpclassifyd
                0x00000000000485c0       0x74 c:/intelfpga_lite/18.0/nios2eds/bin/gnu/h-x86_64-mingw32/bin/../lib/gcc/nios2-elf/5.3.0/../../../../../H-x86_64-mingw32/nios2-elf/lib\libc.a(lib_a-s_fpclassify.o)
                0x00000000000485c0                __fpclassifyd
 .text          0x0000000000048634        0x0 c:/intelfpga_lite/18.0/nios2eds/bin/gnu/h-x86_64-mingw32/bin/../lib/gcc/nios2-elf/5.3.0/../../../../../H-x86_64-mingw32/nios2-elf/lib\libc.a(lib_a-sbrkr.o)
 .text._sbrk_r  0x0000000000048634       0x54 c:/intelfpga_lite/18.0/nios2eds/bin/gnu/h-x86_64-mingw32/bin/../lib/gcc/nios2-elf/5.3.0/../../../../../H-x86_64-mingw32/nios2-elf/lib\libc.a(lib_a-sbrkr.o)
                0x0000000000048634                _sbrk_r
 .text          0x0000000000048688        0x0 c:/intelfpga_lite/18.0/nios2eds/bin/gnu/h-x86_64-mingw32/bin/../lib/gcc/nios2-elf/5.3.0/../../../../../H-x86_64-mingw32/nios2-elf/lib\libc.a(lib_a-stdio.o)
 .text.__sread  0x0000000000048688       0x54 c:/intelfpga_lite/18.0/nios2eds/bin/gnu/h-x86_64-mingw32/bin/../lib/gcc/nios2-elf/5.3.0/../../../../../H-x86_64-mingw32/nios2-elf/lib\libc.a(lib_a-stdio.o)
                0x0000000000048688                __sread
 .text.__seofread
                0x00000000000486dc        0x8 c:/intelfpga_lite/18.0/nios2eds/bin/gnu/h-x86_64-mingw32/bin/../lib/gcc/nios2-elf/5.3.0/../../../../../H-x86_64-mingw32/nios2-elf/lib\libc.a(lib_a-stdio.o)
                0x00000000000486dc                __seofread
 .text.__swrite
                0x00000000000486e4       0x7c c:/intelfpga_lite/18.0/nios2eds/bin/gnu/h-x86_64-mingw32/bin/../lib/gcc/nios2-elf/5.3.0/../../../../../H-x86_64-mingw32/nios2-elf/lib\libc.a(lib_a-stdio.o)
                0x00000000000486e4                __swrite
 .text.__sseek  0x0000000000048760       0x5c c:/intelfpga_lite/18.0/nios2eds/bin/gnu/h-x86_64-mingw32/bin/../lib/gcc/nios2-elf/5.3.0/../../../../../H-x86_64-mingw32/nios2-elf/lib\libc.a(lib_a-stdio.o)
                0x0000000000048760                __sseek
 .text.__sclose
                0x00000000000487bc        0x8 c:/intelfpga_lite/18.0/nios2eds/bin/gnu/h-x86_64-mingw32/bin/../lib/gcc/nios2-elf/5.3.0/../../../../../H-x86_64-mingw32/nios2-elf/lib\libc.a(lib_a-stdio.o)
                0x00000000000487bc                __sclose
 .text          0x00000000000487c4        0x0 c:/intelfpga_lite/18.0/nios2eds/bin/gnu/h-x86_64-mingw32/bin/../lib/gcc/nios2-elf/5.3.0/../../../../../H-x86_64-mingw32/nios2-elf/lib\libc.a(lib_a-strcmp.o)
 .text.strcmp   0x00000000000487c4       0xdc c:/intelfpga_lite/18.0/nios2eds/bin/gnu/h-x86_64-mingw32/bin/../lib/gcc/nios2-elf/5.3.0/../../../../../H-x86_64-mingw32/nios2-elf/lib\libc.a(lib_a-strcmp.o)
                0x00000000000487c4                strcmp
 .text          0x00000000000488a0        0x0 c:/intelfpga_lite/18.0/nios2eds/bin/gnu/h-x86_64-mingw32/bin/../lib/gcc/nios2-elf/5.3.0/../../../../../H-x86_64-mingw32/nios2-elf/lib\libc.a(lib_a-strlen.o)
 .text.strlen   0x00000000000488a0       0x98 c:/intelfpga_lite/18.0/nios2eds/bin/gnu/h-x86_64-mingw32/bin/../lib/gcc/nios2-elf/5.3.0/../../../../../H-x86_64-mingw32/nios2-elf/lib\libc.a(lib_a-strlen.o)
                0x00000000000488a0                strlen
 .text          0x0000000000048938        0x0 c:/intelfpga_lite/18.0/nios2eds/bin/gnu/h-x86_64-mingw32/bin/../lib/gcc/nios2-elf/5.3.0/../../../../../H-x86_64-mingw32/nios2-elf/lib\libc.a(lib_a-vfiprintf.o)
 .text.__sprint_r.part.0
                0x0000000000048938       0xfc c:/intelfpga_lite/18.0/nios2eds/bin/gnu/h-x86_64-mingw32/bin/../lib/gcc/nios2-elf/5.3.0/../../../../../H-x86_64-mingw32/nios2-elf/lib\libc.a(lib_a-vfiprintf.o)
 .text.__sprint_r
                0x0000000000048a34       0x18 c:/intelfpga_lite/18.0/nios2eds/bin/gnu/h-x86_64-mingw32/bin/../lib/gcc/nios2-elf/5.3.0/../../../../../H-x86_64-mingw32/nios2-elf/lib\libc.a(lib_a-vfiprintf.o)
                0x0000000000048a34                __sprint_r
 .text.___vfiprintf_internal_r
                0x0000000000048a4c     0x145c c:/intelfpga_lite/18.0/nios2eds/bin/gnu/h-x86_64-mingw32/bin/../lib/gcc/nios2-elf/5.3.0/../../../../../H-x86_64-mingw32/nios2-elf/lib\libc.a(lib_a-vfiprintf.o)
                0x0000000000048a4c                ___vfiprintf_internal_r
 .text.__vfiprintf_internal
                0x0000000000049ea8       0x1c c:/intelfpga_lite/18.0/nios2eds/bin/gnu/h-x86_64-mingw32/bin/../lib/gcc/nios2-elf/5.3.0/../../../../../H-x86_64-mingw32/nios2-elf/lib\libc.a(lib_a-vfiprintf.o)
                0x0000000000049ea8                __vfiprintf_internal
 .text.__sbprintf
                0x0000000000049ec4       0xbc c:/intelfpga_lite/18.0/nios2eds/bin/gnu/h-x86_64-mingw32/bin/../lib/gcc/nios2-elf/5.3.0/../../../../../H-x86_64-mingw32/nios2-elf/lib\libc.a(lib_a-vfiprintf.o)
 .text          0x0000000000049f80        0x0 c:/intelfpga_lite/18.0/nios2eds/bin/gnu/h-x86_64-mingw32/bin/../lib/gcc/nios2-elf/5.3.0/../../../../../H-x86_64-mingw32/nios2-elf/lib\libc.a(lib_a-writer.o)
 .text._write_r
                0x0000000000049f80       0x60 c:/intelfpga_lite/18.0/nios2eds/bin/gnu/h-x86_64-mingw32/bin/../lib/gcc/nios2-elf/5.3.0/../../../../../H-x86_64-mingw32/nios2-elf/lib\libc.a(lib_a-writer.o)
                0x0000000000049f80                _write_r
 .text          0x0000000000049fe0        0x0 c:/intelfpga_lite/18.0/nios2eds/bin/gnu/h-x86_64-mingw32/bin/../lib/gcc/nios2-elf/5.3.0/../../../../../H-x86_64-mingw32/nios2-elf/lib\libc.a(closer.o)
 .text._close_r
                0x0000000000049fe0       0x54 c:/intelfpga_lite/18.0/nios2eds/bin/gnu/h-x86_64-mingw32/bin/../lib/gcc/nios2-elf/5.3.0/../../../../../H-x86_64-mingw32/nios2-elf/lib\libc.a(closer.o)
                0x0000000000049fe0                _close_r
 .text          0x000000000004a034        0x0 c:/intelfpga_lite/18.0/nios2eds/bin/gnu/h-x86_64-mingw32/bin/../lib/gcc/nios2-elf/5.3.0/../../../../../H-x86_64-mingw32/nios2-elf/lib\libc.a(lib_a-callocr.o)
 .text._calloc_r
                0x000000000004a034       0xc4 c:/intelfpga_lite/18.0/nios2eds/bin/gnu/h-x86_64-mingw32/bin/../lib/gcc/nios2-elf/5.3.0/../../../../../H-x86_64-mingw32/nios2-elf/lib\libc.a(lib_a-callocr.o)
                0x000000000004a034                _calloc_r
 .text          0x000000000004a0f8        0x0 c:/intelfpga_lite/18.0/nios2eds/bin/gnu/h-x86_64-mingw32/bin/../lib/gcc/nios2-elf/5.3.0/../../../../../H-x86_64-mingw32/nios2-elf/lib\libc.a(lib_a-fclose.o)
 .text._fclose_r
                0x000000000004a0f8       0xf0 c:/intelfpga_lite/18.0/nios2eds/bin/gnu/h-x86_64-mingw32/bin/../lib/gcc/nios2-elf/5.3.0/../../../../../H-x86_64-mingw32/nios2-elf/lib\libc.a(lib_a-fclose.o)
                0x000000000004a0f8                _fclose_r
 .text.fclose   0x000000000004a1e8       0x14 c:/intelfpga_lite/18.0/nios2eds/bin/gnu/h-x86_64-mingw32/bin/../lib/gcc/nios2-elf/5.3.0/../../../../../H-x86_64-mingw32/nios2-elf/lib\libc.a(lib_a-fclose.o)
                0x000000000004a1e8                fclose
 .text          0x000000000004a1fc        0x0 c:/intelfpga_lite/18.0/nios2eds/bin/gnu/h-x86_64-mingw32/bin/../lib/gcc/nios2-elf/5.3.0/../../../../../H-x86_64-mingw32/nios2-elf/lib\libc.a(lib_a-fputwc.o)
 .text.__fputwc
                0x000000000004a1fc      0x164 c:/intelfpga_lite/18.0/nios2eds/bin/gnu/h-x86_64-mingw32/bin/../lib/gcc/nios2-elf/5.3.0/../../../../../H-x86_64-mingw32/nios2-elf/lib\libc.a(lib_a-fputwc.o)
                0x000000000004a1fc                __fputwc
 .text._fputwc_r
                0x000000000004a360       0x24 c:/intelfpga_lite/18.0/nios2eds/bin/gnu/h-x86_64-mingw32/bin/../lib/gcc/nios2-elf/5.3.0/../../../../../H-x86_64-mingw32/nios2-elf/lib\libc.a(lib_a-fputwc.o)
                0x000000000004a360                _fputwc_r
 .text.fputwc   0x000000000004a384       0x80 c:/intelfpga_lite/18.0/nios2eds/bin/gnu/h-x86_64-mingw32/bin/../lib/gcc/nios2-elf/5.3.0/../../../../../H-x86_64-mingw32/nios2-elf/lib\libc.a(lib_a-fputwc.o)
                0x000000000004a384                fputwc
 .text          0x000000000004a404        0x0 c:/intelfpga_lite/18.0/nios2eds/bin/gnu/h-x86_64-mingw32/bin/../lib/gcc/nios2-elf/5.3.0/../../../../../H-x86_64-mingw32/nios2-elf/lib\libc.a(lib_a-fstatr.o)
 .text._fstat_r
                0x000000000004a404       0x5c c:/intelfpga_lite/18.0/nios2eds/bin/gnu/h-x86_64-mingw32/bin/../lib/gcc/nios2-elf/5.3.0/../../../../../H-x86_64-mingw32/nios2-elf/lib\libc.a(lib_a-fstatr.o)
                0x000000000004a404                _fstat_r
 .text          0x000000000004a460        0x0 c:/intelfpga_lite/18.0/nios2eds/bin/gnu/h-x86_64-mingw32/bin/../lib/gcc/nios2-elf/5.3.0/../../../../../H-x86_64-mingw32/nios2-elf/lib\libc.a(lib_a-fvwrite.o)
 .text.__sfvwrite_r
                0x000000000004a460      0x4bc c:/intelfpga_lite/18.0/nios2eds/bin/gnu/h-x86_64-mingw32/bin/../lib/gcc/nios2-elf/5.3.0/../../../../../H-x86_64-mingw32/nios2-elf/lib\libc.a(lib_a-fvwrite.o)
                0x000000000004a460                __sfvwrite_r
 .text          0x000000000004a91c        0x0 c:/intelfpga_lite/18.0/nios2eds/bin/gnu/h-x86_64-mingw32/bin/../lib/gcc/nios2-elf/5.3.0/../../../../../H-x86_64-mingw32/nios2-elf/lib\libc.a(lib_a-int_errno.o)
 .text          0x000000000004a91c        0x0 c:/intelfpga_lite/18.0/nios2eds/bin/gnu/h-x86_64-mingw32/bin/../lib/gcc/nios2-elf/5.3.0/../../../../../H-x86_64-mingw32/nios2-elf/lib\libc.a(lib_a-isattyr.o)
 .text._isatty_r
                0x000000000004a91c       0x54 c:/intelfpga_lite/18.0/nios2eds/bin/gnu/h-x86_64-mingw32/bin/../lib/gcc/nios2-elf/5.3.0/../../../../../H-x86_64-mingw32/nios2-elf/lib\libc.a(lib_a-isattyr.o)
                0x000000000004a91c                _isatty_r
 .text          0x000000000004a970        0x0 c:/intelfpga_lite/18.0/nios2eds/bin/gnu/h-x86_64-mingw32/bin/../lib/gcc/nios2-elf/5.3.0/../../../../../H-x86_64-mingw32/nios2-elf/lib\libc.a(lib_a-lseekr.o)
 .text._lseek_r
                0x000000000004a970       0x60 c:/intelfpga_lite/18.0/nios2eds/bin/gnu/h-x86_64-mingw32/bin/../lib/gcc/nios2-elf/5.3.0/../../../../../H-x86_64-mingw32/nios2-elf/lib\libc.a(lib_a-lseekr.o)
                0x000000000004a970                _lseek_r
 .text          0x000000000004a9d0        0x0 c:/intelfpga_lite/18.0/nios2eds/bin/gnu/h-x86_64-mingw32/bin/../lib/gcc/nios2-elf/5.3.0/../../../../../H-x86_64-mingw32/nios2-elf/lib\libc.a(lib_a-memmove.o)
 .text.memmove  0x000000000004a9d0      0x15c c:/intelfpga_lite/18.0/nios2eds/bin/gnu/h-x86_64-mingw32/bin/../lib/gcc/nios2-elf/5.3.0/../../../../../H-x86_64-mingw32/nios2-elf/lib\libc.a(lib_a-memmove.o)
                0x000000000004a9d0                memmove
 .text          0x000000000004ab2c        0x0 c:/intelfpga_lite/18.0/nios2eds/bin/gnu/h-x86_64-mingw32/bin/../lib/gcc/nios2-elf/5.3.0/../../../../../H-x86_64-mingw32/nios2-elf/lib\libc.a(lib_a-readr.o)
 .text._read_r  0x000000000004ab2c       0x60 c:/intelfpga_lite/18.0/nios2eds/bin/gnu/h-x86_64-mingw32/bin/../lib/gcc/nios2-elf/5.3.0/../../../../../H-x86_64-mingw32/nios2-elf/lib\libc.a(lib_a-readr.o)
                0x000000000004ab2c                _read_r
 .text          0x000000000004ab8c        0x0 c:/intelfpga_lite/18.0/nios2eds/bin/gnu/h-x86_64-mingw32/bin/../lib/gcc/nios2-elf/5.3.0/../../../../../H-x86_64-mingw32/nios2-elf/lib\libc.a(lib_a-reallocr.o)
 .text._realloc_r
                0x000000000004ab8c      0x564 c:/intelfpga_lite/18.0/nios2eds/bin/gnu/h-x86_64-mingw32/bin/../lib/gcc/nios2-elf/5.3.0/../../../../../H-x86_64-mingw32/nios2-elf/lib\libc.a(lib_a-reallocr.o)
                0x000000000004ab8c                _realloc_r
 .text          0x000000000004b0f0        0x0 c:/intelfpga_lite/18.0/nios2eds/bin/gnu/h-x86_64-mingw32/bin/../lib/gcc/nios2-elf/5.3.0/../../../../../H-x86_64-mingw32/nios2-elf/lib\libc.a(lib_a-wbuf.o)
 .text.__swbuf_r
                0x000000000004b0f0      0x140 c:/intelfpga_lite/18.0/nios2eds/bin/gnu/h-x86_64-mingw32/bin/../lib/gcc/nios2-elf/5.3.0/../../../../../H-x86_64-mingw32/nios2-elf/lib\libc.a(lib_a-wbuf.o)
                0x000000000004b0f0                __swbuf_r
 .text.__swbuf  0x000000000004b230       0x18 c:/intelfpga_lite/18.0/nios2eds/bin/gnu/h-x86_64-mingw32/bin/../lib/gcc/nios2-elf/5.3.0/../../../../../H-x86_64-mingw32/nios2-elf/lib\libc.a(lib_a-wbuf.o)
                0x000000000004b230                __swbuf
 .text          0x000000000004b248        0x0 c:/intelfpga_lite/18.0/nios2eds/bin/gnu/h-x86_64-mingw32/bin/../lib/gcc/nios2-elf/5.3.0/../../../../../H-x86_64-mingw32/nios2-elf/lib\libc.a(lib_a-wcrtomb.o)
 .text._wcrtomb_r
                0x000000000004b248       0x9c c:/intelfpga_lite/18.0/nios2eds/bin/gnu/h-x86_64-mingw32/bin/../lib/gcc/nios2-elf/5.3.0/../../../../../H-x86_64-mingw32/nios2-elf/lib\libc.a(lib_a-wcrtomb.o)
                0x000000000004b248                _wcrtomb_r
 .text.wcrtomb  0x000000000004b2e4       0xc0 c:/intelfpga_lite/18.0/nios2eds/bin/gnu/h-x86_64-mingw32/bin/../lib/gcc/nios2-elf/5.3.0/../../../../../H-x86_64-mingw32/nios2-elf/lib\libc.a(lib_a-wcrtomb.o)
                0x000000000004b2e4                wcrtomb
 .text          0x000000000004b3a4        0x0 c:/intelfpga_lite/18.0/nios2eds/bin/gnu/h-x86_64-mingw32/bin/../lib/gcc/nios2-elf/5.3.0/../../../../../H-x86_64-mingw32/nios2-elf/lib\libc.a(lib_a-wctomb_r.o)
 .text.__ascii_wctomb
                0x000000000004b3a4       0x30 c:/intelfpga_lite/18.0/nios2eds/bin/gnu/h-x86_64-mingw32/bin/../lib/gcc/nios2-elf/5.3.0/../../../../../H-x86_64-mingw32/nios2-elf/lib\libc.a(lib_a-wctomb_r.o)
                0x000000000004b3a4                __ascii_wctomb
 .text._wctomb_r
                0x000000000004b3d4       0x5c c:/intelfpga_lite/18.0/nios2eds/bin/gnu/h-x86_64-mingw32/bin/../lib/gcc/nios2-elf/5.3.0/../../../../../H-x86_64-mingw32/nios2-elf/lib\libc.a(lib_a-wctomb_r.o)
                0x000000000004b3d4                _wctomb_r
 .text          0x000000000004b430      0x578 c:/intelfpga_lite/18.0/nios2eds/bin/gnu/h-x86_64-mingw32/bin/../lib/gcc/nios2-elf/5.3.0\libgcc.a(_udivdi3.o)
                0x000000000004b430                __udivdi3
 .text          0x000000000004b9a8      0x538 c:/intelfpga_lite/18.0/nios2eds/bin/gnu/h-x86_64-mingw32/bin/../lib/gcc/nios2-elf/5.3.0\libgcc.a(_umoddi3.o)
                0x000000000004b9a8                __umoddi3
 .text          0x000000000004bee0      0x8e8 c:/intelfpga_lite/18.0/nios2eds/bin/gnu/h-x86_64-mingw32/bin/../lib/gcc/nios2-elf/5.3.0\libgcc.a(divdf3.o)
                0x000000000004bee0                __divdf3
 .text          0x000000000004c7c8       0x88 c:/intelfpga_lite/18.0/nios2eds/bin/gnu/h-x86_64-mingw32/bin/../lib/gcc/nios2-elf/5.3.0\libgcc.a(eqdf2.o)
                0x000000000004c7c8                __nedf2
                0x000000000004c7c8                __eqdf2
 .text          0x000000000004c850       0xdc c:/intelfpga_lite/18.0/nios2eds/bin/gnu/h-x86_64-mingw32/bin/../lib/gcc/nios2-elf/5.3.0\libgcc.a(gedf2.o)
                0x000000000004c850                __gedf2
                0x000000000004c850                __gtdf2
 .text          0x000000000004c92c       0xf4 c:/intelfpga_lite/18.0/nios2eds/bin/gnu/h-x86_64-mingw32/bin/../lib/gcc/nios2-elf/5.3.0\libgcc.a(ledf2.o)
                0x000000000004c92c                __ledf2
                0x000000000004c92c                __ltdf2
 .text          0x000000000004ca20      0x8fc c:/intelfpga_lite/18.0/nios2eds/bin/gnu/h-x86_64-mingw32/bin/../lib/gcc/nios2-elf/5.3.0\libgcc.a(subdf3.o)
                0x000000000004ca20                __subdf3
 .text          0x000000000004d31c       0x80 c:/intelfpga_lite/18.0/nios2eds/bin/gnu/h-x86_64-mingw32/bin/../lib/gcc/nios2-elf/5.3.0\libgcc.a(fixdfsi.o)
                0x000000000004d31c                __fixdfsi
 .text          0x000000000004d39c       0xdc c:/intelfpga_lite/18.0/nios2eds/bin/gnu/h-x86_64-mingw32/bin/../lib/gcc/nios2-elf/5.3.0\libgcc.a(floatsidf.o)
                0x000000000004d39c                __floatsidf
 .text          0x000000000004d478       0xa8 c:/intelfpga_lite/18.0/nios2eds/bin/gnu/h-x86_64-mingw32/bin/../lib/gcc/nios2-elf/5.3.0\libgcc.a(floatunsidf.o)
                0x000000000004d478                __floatunsidf
 .text          0x000000000004d520      0x10c C:/Users/mtaha/Desktop/Uni/Year_3_2021_2022/ECE342_Labs/Lab6/part3/software/sine_approx_bsp/\libhal_bsp.a(alt_close.o)
                0x000000000004d55c                close
 .text          0x000000000004d62c       0x2c C:/Users/mtaha/Desktop/Uni/Year_3_2021_2022/ECE342_Labs/Lab6/part3/software/sine_approx_bsp/\libhal_bsp.a(alt_dev.o)
 .text          0x000000000004d658        0x0 C:/Users/mtaha/Desktop/Uni/Year_3_2021_2022/ECE342_Labs/Lab6/part3/software/sine_approx_bsp/\libhal_bsp.a(alt_errno.o)
 .text          0x000000000004d658       0xec C:/Users/mtaha/Desktop/Uni/Year_3_2021_2022/ECE342_Labs/Lab6/part3/software/sine_approx_bsp/\libhal_bsp.a(alt_fstat.o)
                0x000000000004d694                fstat
 .text          0x000000000004d744       0xe0 C:/Users/mtaha/Desktop/Uni/Year_3_2021_2022/ECE342_Labs/Lab6/part3/software/sine_approx_bsp/\libhal_bsp.a(alt_isatty.o)
                0x000000000004d780                isatty
 .text          0x000000000004d824       0xec C:/Users/mtaha/Desktop/Uni/Year_3_2021_2022/ECE342_Labs/Lab6/part3/software/sine_approx_bsp/\libhal_bsp.a(alt_load.o)
                0x000000000004d88c                alt_load
 .text          0x000000000004d910      0x110 C:/Users/mtaha/Desktop/Uni/Year_3_2021_2022/ECE342_Labs/Lab6/part3/software/sine_approx_bsp/\libhal_bsp.a(alt_lseek.o)
                0x000000000004d94c                lseek
 .text          0x000000000004da20       0x7c C:/Users/mtaha/Desktop/Uni/Year_3_2021_2022/ECE342_Labs/Lab6/part3/software/sine_approx_bsp/\libhal_bsp.a(alt_main.o)
                0x000000000004da20                alt_main
 .text          0x000000000004da9c       0x48 C:/Users/mtaha/Desktop/Uni/Year_3_2021_2022/ECE342_Labs/Lab6/part3/software/sine_approx_bsp/\libhal_bsp.a(alt_malloc_lock.o)
                0x000000000004da9c                __malloc_lock
                0x000000000004dac0                __malloc_unlock
 .text          0x000000000004dae4      0x138 C:/Users/mtaha/Desktop/Uni/Year_3_2021_2022/ECE342_Labs/Lab6/part3/software/sine_approx_bsp/\libhal_bsp.a(alt_read.o)
                0x000000000004db20                read
 .text          0x000000000004dc1c       0x64 C:/Users/mtaha/Desktop/Uni/Year_3_2021_2022/ECE342_Labs/Lab6/part3/software/sine_approx_bsp/\libhal_bsp.a(alt_release_fd.o)
                0x000000000004dc1c                alt_release_fd
 .text          0x000000000004dc80       0xb0 C:/Users/mtaha/Desktop/Uni/Year_3_2021_2022/ECE342_Labs/Lab6/part3/software/sine_approx_bsp/\libhal_bsp.a(alt_sbrk.o)
                0x000000000004dc80                sbrk
 .text          0x000000000004dd30      0x134 C:/Users/mtaha/Desktop/Uni/Year_3_2021_2022/ECE342_Labs/Lab6/part3/software/sine_approx_bsp/\libhal_bsp.a(alt_write.o)
                0x000000000004dd6c                write
 .text          0x000000000004de64       0xc4 C:/Users/mtaha/Desktop/Uni/Year_3_2021_2022/ECE342_Labs/Lab6/part3/software/sine_approx_bsp/\libhal_bsp.a(alt_sys_init.o)
                0x000000000004de98                alt_irq_init
                0x000000000004ded0                alt_sys_init
 .text          0x000000000004df28      0x164 C:/Users/mtaha/Desktop/Uni/Year_3_2021_2022/ECE342_Labs/Lab6/part3/software/sine_approx_bsp/\libhal_bsp.a(altera_avalon_jtag_uart_fd.o)
                0x000000000004df28                altera_avalon_jtag_uart_read_fd
                0x000000000004df88                altera_avalon_jtag_uart_write_fd
                0x000000000004dfe8                altera_avalon_jtag_uart_close_fd
                0x000000000004e038                altera_avalon_jtag_uart_ioctl_fd
 .text          0x000000000004e08c      0x3d4 C:/Users/mtaha/Desktop/Uni/Year_3_2021_2022/ECE342_Labs/Lab6/part3/software/sine_approx_bsp/\libhal_bsp.a(altera_avalon_jtag_uart_init.o)
                0x000000000004e08c                altera_avalon_jtag_uart_init
                0x000000000004e3f8                altera_avalon_jtag_uart_close
 .text          0x000000000004e460       0xf0 C:/Users/mtaha/Desktop/Uni/Year_3_2021_2022/ECE342_Labs/Lab6/part3/software/sine_approx_bsp/\libhal_bsp.a(altera_avalon_jtag_uart_ioctl.o)
                0x000000000004e460                altera_avalon_jtag_uart_ioctl
 .text          0x000000000004e550      0x21c C:/Users/mtaha/Desktop/Uni/Year_3_2021_2022/ECE342_Labs/Lab6/part3/software/sine_approx_bsp/\libhal_bsp.a(altera_avalon_jtag_uart_read.o)
                0x000000000004e550                altera_avalon_jtag_uart_read
 .text          0x000000000004e76c      0x224 C:/Users/mtaha/Desktop/Uni/Year_3_2021_2022/ECE342_Labs/Lab6/part3/software/sine_approx_bsp/\libhal_bsp.a(altera_avalon_jtag_uart_write.o)
                0x000000000004e76c                altera_avalon_jtag_uart_write
 .text          0x000000000004e990      0x190 C:/Users/mtaha/Desktop/Uni/Year_3_2021_2022/ECE342_Labs/Lab6/part3/software/sine_approx_bsp/\libhal_bsp.a(altera_avalon_performance_counter.o)
                0x000000000004e990                perf_get_section_time
                0x000000000004ea4c                perf_get_total_time
                0x000000000004ea98                perf_get_num_starts
                0x000000000004ead8                alt_get_performance_counter_base
                0x000000000004eafc                alt_get_cpu_freq
 .text          0x000000000004eb20      0x12c C:/Users/mtaha/Desktop/Uni/Year_3_2021_2022/ECE342_Labs/Lab6/part3/software/sine_approx_bsp/\libhal_bsp.a(alt_alarm_start.o)
                0x000000000004eb20                alt_alarm_start
 .text          0x000000000004ec4c       0x48 C:/Users/mtaha/Desktop/Uni/Year_3_2021_2022/ECE342_Labs/Lab6/part3/software/sine_approx_bsp/\libhal_bsp.a(alt_dcache_flush_all.o)
                0x000000000004ec4c                alt_dcache_flush_all
 .text          0x000000000004ec94       0xe0 C:/Users/mtaha/Desktop/Uni/Year_3_2021_2022/ECE342_Labs/Lab6/part3/software/sine_approx_bsp/\libhal_bsp.a(alt_dev_llist_insert.o)
                0x000000000004ecd0                alt_dev_llist_insert
 .text          0x000000000004ed74       0x60 C:/Users/mtaha/Desktop/Uni/Year_3_2021_2022/ECE342_Labs/Lab6/part3/software/sine_approx_bsp/\libhal_bsp.a(alt_do_ctors.o)
                0x000000000004ed74                _do_ctors
 .text          0x000000000004edd4       0x60 C:/Users/mtaha/Desktop/Uni/Year_3_2021_2022/ECE342_Labs/Lab6/part3/software/sine_approx_bsp/\libhal_bsp.a(alt_do_dtors.o)
                0x000000000004edd4                _do_dtors
 .text          0x000000000004ee34       0x34 C:/Users/mtaha/Desktop/Uni/Year_3_2021_2022/ECE342_Labs/Lab6/part3/software/sine_approx_bsp/\libhal_bsp.a(alt_icache_flush_all.o)
                0x000000000004ee34                alt_icache_flush_all
 .text          0x000000000004ee68      0x1b0 C:/Users/mtaha/Desktop/Uni/Year_3_2021_2022/ECE342_Labs/Lab6/part3/software/sine_approx_bsp/\libhal_bsp.a(alt_iic.o)
                0x000000000004ee68                alt_ic_isr_register
                0x000000000004eeb8                alt_ic_irq_enable
                0x000000000004ef40                alt_ic_irq_disable
                0x000000000004efcc                alt_ic_irq_enabled
 .text          0x000000000004f018       0xf0 C:/Users/mtaha/Desktop/Uni/Year_3_2021_2022/ECE342_Labs/Lab6/part3/software/sine_approx_bsp/\libhal_bsp.a(alt_iic_isr_register.o)
                0x000000000004f018                alt_iic_isr_register
 .text          0x000000000004f108      0x140 C:/Users/mtaha/Desktop/Uni/Year_3_2021_2022/ECE342_Labs/Lab6/part3/software/sine_approx_bsp/\libhal_bsp.a(alt_io_redirect.o)
                0x000000000004f1cc                alt_io_redirect
 .text          0x000000000004f248        0x0 C:/Users/mtaha/Desktop/Uni/Year_3_2021_2022/ECE342_Labs/Lab6/part3/software/sine_approx_bsp/\libhal_bsp.a(alt_irq_entry.o)
 .text          0x000000000004f248        0x0 C:/Users/mtaha/Desktop/Uni/Year_3_2021_2022/ECE342_Labs/Lab6/part3/software/sine_approx_bsp/\libhal_bsp.a(alt_irq_handler.o)
 .text          0x000000000004f248        0x0 C:/Users/mtaha/Desktop/Uni/Year_3_2021_2022/ECE342_Labs/Lab6/part3/software/sine_approx_bsp/\libhal_bsp.a(alt_irq_vars.o)
 .text          0x000000000004f248      0x254 C:/Users/mtaha/Desktop/Uni/Year_3_2021_2022/ECE342_Labs/Lab6/part3/software/sine_approx_bsp/\libhal_bsp.a(alt_open.o)
                0x000000000004f348                open
 .text          0x000000000004f49c      0x1a4 C:/Users/mtaha/Desktop/Uni/Year_3_2021_2022/ECE342_Labs/Lab6/part3/software/sine_approx_bsp/\libhal_bsp.a(alt_tick.o)
                0x000000000004f49c                alt_alarm_stop
                0x000000000004f538                alt_tick
 .text          0x000000000004f640       0x24 C:/Users/mtaha/Desktop/Uni/Year_3_2021_2022/ECE342_Labs/Lab6/part3/software/sine_approx_bsp/\libhal_bsp.a(altera_nios2_gen2_irq.o)
                0x000000000004f640                altera_nios2_gen2_irq_init
 .text          0x000000000004f664        0x0 C:/Users/mtaha/Desktop/Uni/Year_3_2021_2022/ECE342_Labs/Lab6/part3/software/sine_approx_bsp/\libhal_bsp.a(alt_exception_entry.o)
 .text          0x000000000004f664       0x90 C:/Users/mtaha/Desktop/Uni/Year_3_2021_2022/ECE342_Labs/Lab6/part3/software/sine_approx_bsp/\libhal_bsp.a(alt_find_dev.o)
                0x000000000004f664                alt_find_dev
 .text          0x000000000004f6f4      0x108 C:/Users/mtaha/Desktop/Uni/Year_3_2021_2022/ECE342_Labs/Lab6/part3/software/sine_approx_bsp/\libhal_bsp.a(alt_find_file.o)
                0x000000000004f6f4                alt_find_file
 .text          0x000000000004f7fc       0xa4 C:/Users/mtaha/Desktop/Uni/Year_3_2021_2022/ECE342_Labs/Lab6/part3/software/sine_approx_bsp/\libhal_bsp.a(alt_get_fd.o)
                0x000000000004f7fc                alt_get_fd
 .text          0x000000000004f8a0       0x90 C:/Users/mtaha/Desktop/Uni/Year_3_2021_2022/ECE342_Labs/Lab6/part3/software/sine_approx_bsp/\libhal_bsp.a(alt_icache_flush.o)
                0x000000000004f8a0                alt_icache_flush
 .text          0x000000000004f930       0x9c C:/Users/mtaha/Desktop/Uni/Year_3_2021_2022/ECE342_Labs/Lab6/part3/software/sine_approx_bsp/\libhal_bsp.a(alt_instruction_exception_entry.o)
                0x000000000004f930                alt_exception_cause_generated_bad_addr
 .text          0x000000000004f9cc        0x0 c:/intelfpga_lite/18.0/nios2eds/bin/gnu/h-x86_64-mingw32/bin/../lib/gcc/nios2-elf/5.3.0/../../../../../H-x86_64-mingw32/nios2-elf/lib\libc.a(lib_a-atexit.o)
 .text.atexit   0x000000000004f9cc       0x14 c:/intelfpga_lite/18.0/nios2eds/bin/gnu/h-x86_64-mingw32/bin/../lib/gcc/nios2-elf/5.3.0/../../../../../H-x86_64-mingw32/nios2-elf/lib\libc.a(lib_a-atexit.o)
                0x000000000004f9cc                atexit
 .text          0x000000000004f9e0        0x0 c:/intelfpga_lite/18.0/nios2eds/bin/gnu/h-x86_64-mingw32/bin/../lib/gcc/nios2-elf/5.3.0/../../../../../H-x86_64-mingw32/nios2-elf/lib\libc.a(lib_a-exit.o)
 .text.exit     0x000000000004f9e0       0x38 c:/intelfpga_lite/18.0/nios2eds/bin/gnu/h-x86_64-mingw32/bin/../lib/gcc/nios2-elf/5.3.0/../../../../../H-x86_64-mingw32/nios2-elf/lib\libc.a(lib_a-exit.o)
                0x000000000004f9e0                exit
 .text          0x000000000004fa18        0x0 c:/intelfpga_lite/18.0/nios2eds/bin/gnu/h-x86_64-mingw32/bin/../lib/gcc/nios2-elf/5.3.0/../../../../../H-x86_64-mingw32/nios2-elf/lib\libc.a(lib_a-memcmp.o)
 .text.memcmp   0x000000000004fa18       0x7c c:/intelfpga_lite/18.0/nios2eds/bin/gnu/h-x86_64-mingw32/bin/../lib/gcc/nios2-elf/5.3.0/../../../../../H-x86_64-mingw32/nios2-elf/lib\libc.a(lib_a-memcmp.o)
                0x000000000004fa18                memcmp
 .text          0x000000000004fa94        0x0 c:/intelfpga_lite/18.0/nios2eds/bin/gnu/h-x86_64-mingw32/bin/../lib/gcc/nios2-elf/5.3.0/../../../../../H-x86_64-mingw32/nios2-elf/lib\libc.a(lib_a-__atexit.o)
 .text.__register_exitproc
                0x000000000004fa94      0x118 c:/intelfpga_lite/18.0/nios2eds/bin/gnu/h-x86_64-mingw32/bin/../lib/gcc/nios2-elf/5.3.0/../../../../../H-x86_64-mingw32/nios2-elf/lib\libc.a(lib_a-__atexit.o)
                0x000000000004fa94                __register_exitproc
 .text          0x000000000004fbac        0x0 c:/intelfpga_lite/18.0/nios2eds/bin/gnu/h-x86_64-mingw32/bin/../lib/gcc/nios2-elf/5.3.0/../../../../../H-x86_64-mingw32/nios2-elf/lib\libc.a(lib_a-__call_atexit.o)
 .text.__call_exitprocs
                0x000000000004fbac      0x180 c:/intelfpga_lite/18.0/nios2eds/bin/gnu/h-x86_64-mingw32/bin/../lib/gcc/nios2-elf/5.3.0/../../../../../H-x86_64-mingw32/nios2-elf/lib\libc.a(lib_a-__call_atexit.o)
                0x000000000004fbac                __call_exitprocs
 .text          0x000000000004fd2c       0x34 C:/Users/mtaha/Desktop/Uni/Year_3_2021_2022/ECE342_Labs/Lab6/part3/software/sine_approx_bsp/\libhal_bsp.a(alt_exit.o)
                0x000000000004fd2c                _exit
 *(.gnu.warning.*)
 *(.fini)
                [!provide]                        PROVIDE (__etext, ABSOLUTE (.))
                [!provide]                        PROVIDE (_etext, ABSOLUTE (.))
                [!provide]                        PROVIDE (etext, ABSOLUTE (.))
 *(.eh_frame_hdr)
                0x000000000004fd60                . = ALIGN (0x4)
                [!provide]                        PROVIDE (__preinit_array_start, ABSOLUTE (.))
 *(.preinit_array)
                [!provide]                        PROVIDE (__preinit_array_end, ABSOLUTE (.))
                [!provide]                        PROVIDE (__init_array_start, ABSOLUTE (.))
 *(.init_array)
                [!provide]                        PROVIDE (__init_array_end, ABSOLUTE (.))
                [!provide]                        PROVIDE (__fini_array_start, ABSOLUTE (.))
 *(.fini_array)
                [!provide]                        PROVIDE (__fini_array_end, ABSOLUTE (.))
 *(.eh_frame)
 *(.gcc_except_table .gcc_except_table.*)
 *(.dynamic)
                0x000000000004fd60                PROVIDE (__CTOR_LIST__, ABSOLUTE (.))
 *(.ctors)
 *(SORT(.ctors.*))
                0x000000000004fd60                PROVIDE (__CTOR_END__, ABSOLUTE (.))
                0x000000000004fd60                PROVIDE (__DTOR_LIST__, ABSOLUTE (.))
 *(.dtors)
 *(SORT(.dtors.*))
                0x000000000004fd60                PROVIDE (__DTOR_END__, ABSOLUTE (.))
 *(.jcr)
                0x000000000004fd60                . = ALIGN (0x4)

.rodata         0x000000000004fd60      0x33c
                0x000000000004fd60                PROVIDE (__ram_rodata_start, ABSOLUTE (.))
                0x000000000004fd60                . = ALIGN (0x4)
 *(.rodata .rodata.* .gnu.linkonce.r.*)
 .rodata        0x000000000004fd60       0x40 obj/default/sine_approx.o
 .rodata        0x000000000004fda0      0x100 c:/intelfpga_lite/18.0/nios2eds/bin/gnu/h-x86_64-mingw32/bin/../lib/gcc/nios2-elf/5.3.0\libgcc.a(_clz.o)
                0x000000000004fda0                __clz_tab
 .rodata.str1.4
                0x000000000004fea0       0x42 c:/intelfpga_lite/18.0/nios2eds/bin/gnu/h-x86_64-mingw32/bin/../lib/gcc/nios2-elf/5.3.0/../../../../../H-x86_64-mingw32/nios2-elf/lib\libc.a(lib_a-vfprintf.o)
 .rodata.zeroes.4404
                0x000000000004fee2       0x10 c:/intelfpga_lite/18.0/nios2eds/bin/gnu/h-x86_64-mingw32/bin/../lib/gcc/nios2-elf/5.3.0/../../../../../H-x86_64-mingw32/nios2-elf/lib\libc.a(lib_a-vfprintf.o)
 .rodata.blanks.4403
                0x000000000004fef2       0x10 c:/intelfpga_lite/18.0/nios2eds/bin/gnu/h-x86_64-mingw32/bin/../lib/gcc/nios2-elf/5.3.0/../../../../../H-x86_64-mingw32/nios2-elf/lib\libc.a(lib_a-vfprintf.o)
 *fill*         0x000000000004ff02        0x2 
 .rodata.str1.4
                0x000000000004ff04       0x10 c:/intelfpga_lite/18.0/nios2eds/bin/gnu/h-x86_64-mingw32/bin/../lib/gcc/nios2-elf/5.3.0/../../../../../H-x86_64-mingw32/nios2-elf/lib\libc.a(lib_a-dtoa.o)
                                         0x12 (size before relaxing)
 .rodata.str1.4
                0x000000000004ff14        0x2 c:/intelfpga_lite/18.0/nios2eds/bin/gnu/h-x86_64-mingw32/bin/../lib/gcc/nios2-elf/5.3.0/../../../../../H-x86_64-mingw32/nios2-elf/lib\libc.a(lib_a-impure.o)
 *fill*         0x000000000004ff16        0x2 
 .rodata.str1.4
                0x000000000004ff18        0xc c:/intelfpga_lite/18.0/nios2eds/bin/gnu/h-x86_64-mingw32/bin/../lib/gcc/nios2-elf/5.3.0/../../../../../H-x86_64-mingw32/nios2-elf/lib\libc.a(lib_a-locale.o)
                                         0x12 (size before relaxing)
 .rodata.p05.2768
                0x000000000004ff24        0xc c:/intelfpga_lite/18.0/nios2eds/bin/gnu/h-x86_64-mingw32/bin/../lib/gcc/nios2-elf/5.3.0/../../../../../H-x86_64-mingw32/nios2-elf/lib\libc.a(lib_a-mprec.o)
 .rodata.__mprec_tinytens
                0x000000000004ff30       0x28 c:/intelfpga_lite/18.0/nios2eds/bin/gnu/h-x86_64-mingw32/bin/../lib/gcc/nios2-elf/5.3.0/../../../../../H-x86_64-mingw32/nios2-elf/lib\libc.a(lib_a-mprec.o)
                0x000000000004ff30                __mprec_tinytens
 .rodata.__mprec_bigtens
                0x000000000004ff58       0x28 c:/intelfpga_lite/18.0/nios2eds/bin/gnu/h-x86_64-mingw32/bin/../lib/gcc/nios2-elf/5.3.0/../../../../../H-x86_64-mingw32/nios2-elf/lib\libc.a(lib_a-mprec.o)
                0x000000000004ff58                __mprec_bigtens
 .rodata.__mprec_tens
                0x000000000004ff80       0xc8 c:/intelfpga_lite/18.0/nios2eds/bin/gnu/h-x86_64-mingw32/bin/../lib/gcc/nios2-elf/5.3.0/../../../../../H-x86_64-mingw32/nios2-elf/lib\libc.a(lib_a-mprec.o)
                0x000000000004ff80                __mprec_tens
 .rodata.str1.4
                0x0000000000050048       0x2f c:/intelfpga_lite/18.0/nios2eds/bin/gnu/h-x86_64-mingw32/bin/../lib/gcc/nios2-elf/5.3.0/../../../../../H-x86_64-mingw32/nios2-elf/lib\libc.a(lib_a-vfiprintf.o)
 .rodata.zeroes.4349
                0x0000000000050048       0x10 c:/intelfpga_lite/18.0/nios2eds/bin/gnu/h-x86_64-mingw32/bin/../lib/gcc/nios2-elf/5.3.0/../../../../../H-x86_64-mingw32/nios2-elf/lib\libc.a(lib_a-vfiprintf.o)
 .rodata.blanks.4348
                0x0000000000050058       0x10 c:/intelfpga_lite/18.0/nios2eds/bin/gnu/h-x86_64-mingw32/bin/../lib/gcc/nios2-elf/5.3.0/../../../../../H-x86_64-mingw32/nios2-elf/lib\libc.a(lib_a-vfiprintf.o)
 .rodata        0x0000000000050068        0xa C:/Users/mtaha/Desktop/Uni/Year_3_2021_2022/ECE342_Labs/Lab6/part3/software/sine_approx_bsp/\libhal_bsp.a(alt_dev.o)
 *fill*         0x0000000000050072        0x2 
 .rodata        0x0000000000050074       0x11 C:/Users/mtaha/Desktop/Uni/Year_3_2021_2022/ECE342_Labs/Lab6/part3/software/sine_approx_bsp/\libhal_bsp.a(alt_main.o)
 *fill*         0x0000000000050085        0x3 
 .rodata        0x0000000000050088       0x11 C:/Users/mtaha/Desktop/Uni/Year_3_2021_2022/ECE342_Labs/Lab6/part3/software/sine_approx_bsp/\libhal_bsp.a(alt_sys_init.o)
 *(.rodata1)
                0x000000000005009c                . = ALIGN (0x4)
 *fill*         0x0000000000050099        0x3 
                0x000000000005009c                PROVIDE (__ram_rodata_end, ABSOLUTE (.))
                0x000000000004fd60                PROVIDE (__flash_rodata_start, LOADADDR (.rodata))

.rwdata         0x000000000005009c     0x1b8c load address 0x0000000000051c28
                0x000000000005009c                PROVIDE (__ram_rwdata_start, ABSOLUTE (.))
                0x000000000005009c                . = ALIGN (0x4)
 *(.got.plt)
 *(.got)
 *(.data1)
 *(.data .data.* .gnu.linkonce.d.*)
 .data          0x000000000005009c        0x0 C:/Users/mtaha/Desktop/Uni/Year_3_2021_2022/ECE342_Labs/Lab6/part3/software/sine_approx_bsp//obj/HAL/src/crt0.o
 .data          0x000000000005009c       0xa0 obj/default/sine_approx.o
                0x000000000005009c                datasets
 .data          0x000000000005013c        0x0 c:/intelfpga_lite/18.0/nios2eds/bin/gnu/h-x86_64-mingw32/bin/../lib/gcc/nios2-elf/5.3.0\libgcc.a(lib2-divmod.o)
 .data          0x000000000005013c        0x0 c:/intelfpga_lite/18.0/nios2eds/bin/gnu/h-x86_64-mingw32/bin/../lib/gcc/nios2-elf/5.3.0\libgcc.a(adddf3.o)
 .data          0x000000000005013c        0x0 c:/intelfpga_lite/18.0/nios2eds/bin/gnu/h-x86_64-mingw32/bin/../lib/gcc/nios2-elf/5.3.0\libgcc.a(muldf3.o)
 .data          0x000000000005013c        0x0 c:/intelfpga_lite/18.0/nios2eds/bin/gnu/h-x86_64-mingw32/bin/../lib/gcc/nios2-elf/5.3.0\libgcc.a(extendsfdf2.o)
 .data          0x000000000005013c        0x0 c:/intelfpga_lite/18.0/nios2eds/bin/gnu/h-x86_64-mingw32/bin/../lib/gcc/nios2-elf/5.3.0\libgcc.a(truncdfsf2.o)
 .data          0x000000000005013c        0x0 c:/intelfpga_lite/18.0/nios2eds/bin/gnu/h-x86_64-mingw32/bin/../lib/gcc/nios2-elf/5.3.0\libgcc.a(_clzsi2.o)
 .data          0x000000000005013c        0x0 c:/intelfpga_lite/18.0/nios2eds/bin/gnu/h-x86_64-mingw32/bin/../lib/gcc/nios2-elf/5.3.0\libgcc.a(_clz.o)
 .data          0x000000000005013c        0x0 c:/intelfpga_lite/18.0/nios2eds/bin/gnu/h-x86_64-mingw32/bin/../lib/gcc/nios2-elf/5.3.0/../../../../../H-x86_64-mingw32/nios2-elf/lib\libc.a(lib_a-printf.o)
 .data          0x000000000005013c        0x0 c:/intelfpga_lite/18.0/nios2eds/bin/gnu/h-x86_64-mingw32/bin/../lib/gcc/nios2-elf/5.3.0/../../../../../H-x86_64-mingw32/nios2-elf/lib\libc.a(lib_a-vfprintf.o)
 .data          0x000000000005013c        0x0 c:/intelfpga_lite/18.0/nios2eds/bin/gnu/h-x86_64-mingw32/bin/../lib/gcc/nios2-elf/5.3.0/../../../../../H-x86_64-mingw32/nios2-elf/lib\libc.a(lib_a-wsetup.o)
 .data          0x000000000005013c        0x0 c:/intelfpga_lite/18.0/nios2eds/bin/gnu/h-x86_64-mingw32/bin/../lib/gcc/nios2-elf/5.3.0/../../../../../H-x86_64-mingw32/nios2-elf/lib\libc.a(lib_a-dtoa.o)
 .data          0x000000000005013c        0x0 c:/intelfpga_lite/18.0/nios2eds/bin/gnu/h-x86_64-mingw32/bin/../lib/gcc/nios2-elf/5.3.0/../../../../../H-x86_64-mingw32/nios2-elf/lib\libc.a(lib_a-fflush.o)
 .data          0x000000000005013c        0x0 c:/intelfpga_lite/18.0/nios2eds/bin/gnu/h-x86_64-mingw32/bin/../lib/gcc/nios2-elf/5.3.0/../../../../../H-x86_64-mingw32/nios2-elf/lib\libc.a(lib_a-findfp.o)
 .data          0x000000000005013c        0x0 c:/intelfpga_lite/18.0/nios2eds/bin/gnu/h-x86_64-mingw32/bin/../lib/gcc/nios2-elf/5.3.0/../../../../../H-x86_64-mingw32/nios2-elf/lib\libc.a(lib_a-freer.o)
 .data          0x000000000005013c        0x0 c:/intelfpga_lite/18.0/nios2eds/bin/gnu/h-x86_64-mingw32/bin/../lib/gcc/nios2-elf/5.3.0/../../../../../H-x86_64-mingw32/nios2-elf/lib\libc.a(lib_a-fwalk.o)
 .data          0x000000000005013c        0x0 c:/intelfpga_lite/18.0/nios2eds/bin/gnu/h-x86_64-mingw32/bin/../lib/gcc/nios2-elf/5.3.0/../../../../../H-x86_64-mingw32/nios2-elf/lib\libc.a(lib_a-impure.o)
 .data.impure_data
                0x000000000005013c      0x424 c:/intelfpga_lite/18.0/nios2eds/bin/gnu/h-x86_64-mingw32/bin/../lib/gcc/nios2-elf/5.3.0/../../../../../H-x86_64-mingw32/nios2-elf/lib\libc.a(lib_a-impure.o)
 .data          0x0000000000050560        0x0 c:/intelfpga_lite/18.0/nios2eds/bin/gnu/h-x86_64-mingw32/bin/../lib/gcc/nios2-elf/5.3.0/../../../../../H-x86_64-mingw32/nios2-elf/lib\libc.a(lib_a-locale.o)
 .data.lc_message_charset
                0x0000000000050560       0x20 c:/intelfpga_lite/18.0/nios2eds/bin/gnu/h-x86_64-mingw32/bin/../lib/gcc/nios2-elf/5.3.0/../../../../../H-x86_64-mingw32/nios2-elf/lib\libc.a(lib_a-locale.o)
 .data.lc_ctype_charset
                0x0000000000050580       0x20 c:/intelfpga_lite/18.0/nios2eds/bin/gnu/h-x86_64-mingw32/bin/../lib/gcc/nios2-elf/5.3.0/../../../../../H-x86_64-mingw32/nios2-elf/lib\libc.a(lib_a-locale.o)
 .data.lconv    0x00000000000505a0       0x38 c:/intelfpga_lite/18.0/nios2eds/bin/gnu/h-x86_64-mingw32/bin/../lib/gcc/nios2-elf/5.3.0/../../../../../H-x86_64-mingw32/nios2-elf/lib\libc.a(lib_a-locale.o)
 .data          0x00000000000505d8        0x0 c:/intelfpga_lite/18.0/nios2eds/bin/gnu/h-x86_64-mingw32/bin/../lib/gcc/nios2-elf/5.3.0/../../../../../H-x86_64-mingw32/nios2-elf/lib\libc.a(lib_a-makebuf.o)
 .data          0x00000000000505d8        0x0 c:/intelfpga_lite/18.0/nios2eds/bin/gnu/h-x86_64-mingw32/bin/../lib/gcc/nios2-elf/5.3.0/../../../../../H-x86_64-mingw32/nios2-elf/lib\libc.a(lib_a-mallocr.o)
 .data.__malloc_av_
                0x00000000000505d8      0x408 c:/intelfpga_lite/18.0/nios2eds/bin/gnu/h-x86_64-mingw32/bin/../lib/gcc/nios2-elf/5.3.0/../../../../../H-x86_64-mingw32/nios2-elf/lib\libc.a(lib_a-mallocr.o)
                0x00000000000505d8                __malloc_av_
 .data          0x00000000000509e0        0x0 c:/intelfpga_lite/18.0/nios2eds/bin/gnu/h-x86_64-mingw32/bin/../lib/gcc/nios2-elf/5.3.0/../../../../../H-x86_64-mingw32/nios2-elf/lib\libc.a(lib_a-memchr.o)
 .data          0x00000000000509e0        0x0 c:/intelfpga_lite/18.0/nios2eds/bin/gnu/h-x86_64-mingw32/bin/../lib/gcc/nios2-elf/5.3.0/../../../../../H-x86_64-mingw32/nios2-elf/lib\libc.a(lib_a-memcpy.o)
 .data          0x00000000000509e0        0x0 c:/intelfpga_lite/18.0/nios2eds/bin/gnu/h-x86_64-mingw32/bin/../lib/gcc/nios2-elf/5.3.0/../../../../../H-x86_64-mingw32/nios2-elf/lib\libc.a(lib_a-memset.o)
 .data          0x00000000000509e0        0x0 c:/intelfpga_lite/18.0/nios2eds/bin/gnu/h-x86_64-mingw32/bin/../lib/gcc/nios2-elf/5.3.0/../../../../../H-x86_64-mingw32/nios2-elf/lib\libc.a(lib_a-mprec.o)
 .data          0x00000000000509e0        0x0 c:/intelfpga_lite/18.0/nios2eds/bin/gnu/h-x86_64-mingw32/bin/../lib/gcc/nios2-elf/5.3.0/../../../../../H-x86_64-mingw32/nios2-elf/lib\libc.a(lib_a-s_fpclassify.o)
 .data          0x00000000000509e0        0x0 c:/intelfpga_lite/18.0/nios2eds/bin/gnu/h-x86_64-mingw32/bin/../lib/gcc/nios2-elf/5.3.0/../../../../../H-x86_64-mingw32/nios2-elf/lib\libc.a(lib_a-sbrkr.o)
 .data          0x00000000000509e0        0x0 c:/intelfpga_lite/18.0/nios2eds/bin/gnu/h-x86_64-mingw32/bin/../lib/gcc/nios2-elf/5.3.0/../../../../../H-x86_64-mingw32/nios2-elf/lib\libc.a(lib_a-stdio.o)
 .data          0x00000000000509e0        0x0 c:/intelfpga_lite/18.0/nios2eds/bin/gnu/h-x86_64-mingw32/bin/../lib/gcc/nios2-elf/5.3.0/../../../../../H-x86_64-mingw32/nios2-elf/lib\libc.a(lib_a-strcmp.o)
 .data          0x00000000000509e0        0x0 c:/intelfpga_lite/18.0/nios2eds/bin/gnu/h-x86_64-mingw32/bin/../lib/gcc/nios2-elf/5.3.0/../../../../../H-x86_64-mingw32/nios2-elf/lib\libc.a(lib_a-strlen.o)
 .data          0x00000000000509e0        0x0 c:/intelfpga_lite/18.0/nios2eds/bin/gnu/h-x86_64-mingw32/bin/../lib/gcc/nios2-elf/5.3.0/../../../../../H-x86_64-mingw32/nios2-elf/lib\libc.a(lib_a-vfiprintf.o)
 .data          0x00000000000509e0        0x0 c:/intelfpga_lite/18.0/nios2eds/bin/gnu/h-x86_64-mingw32/bin/../lib/gcc/nios2-elf/5.3.0/../../../../../H-x86_64-mingw32/nios2-elf/lib\libc.a(lib_a-writer.o)
 .data          0x00000000000509e0        0x0 c:/intelfpga_lite/18.0/nios2eds/bin/gnu/h-x86_64-mingw32/bin/../lib/gcc/nios2-elf/5.3.0/../../../../../H-x86_64-mingw32/nios2-elf/lib\libc.a(closer.o)
 .data          0x00000000000509e0        0x0 c:/intelfpga_lite/18.0/nios2eds/bin/gnu/h-x86_64-mingw32/bin/../lib/gcc/nios2-elf/5.3.0/../../../../../H-x86_64-mingw32/nios2-elf/lib\libc.a(lib_a-callocr.o)
 .data          0x00000000000509e0        0x0 c:/intelfpga_lite/18.0/nios2eds/bin/gnu/h-x86_64-mingw32/bin/../lib/gcc/nios2-elf/5.3.0/../../../../../H-x86_64-mingw32/nios2-elf/lib\libc.a(lib_a-fclose.o)
 .data          0x00000000000509e0        0x0 c:/intelfpga_lite/18.0/nios2eds/bin/gnu/h-x86_64-mingw32/bin/../lib/gcc/nios2-elf/5.3.0/../../../../../H-x86_64-mingw32/nios2-elf/lib\libc.a(lib_a-fputwc.o)
 .data          0x00000000000509e0        0x0 c:/intelfpga_lite/18.0/nios2eds/bin/gnu/h-x86_64-mingw32/bin/../lib/gcc/nios2-elf/5.3.0/../../../../../H-x86_64-mingw32/nios2-elf/lib\libc.a(lib_a-fstatr.o)
 .data          0x00000000000509e0        0x0 c:/intelfpga_lite/18.0/nios2eds/bin/gnu/h-x86_64-mingw32/bin/../lib/gcc/nios2-elf/5.3.0/../../../../../H-x86_64-mingw32/nios2-elf/lib\libc.a(lib_a-fvwrite.o)
 .data          0x00000000000509e0        0x0 c:/intelfpga_lite/18.0/nios2eds/bin/gnu/h-x86_64-mingw32/bin/../lib/gcc/nios2-elf/5.3.0/../../../../../H-x86_64-mingw32/nios2-elf/lib\libc.a(lib_a-int_errno.o)
 .data          0x00000000000509e0        0x0 c:/intelfpga_lite/18.0/nios2eds/bin/gnu/h-x86_64-mingw32/bin/../lib/gcc/nios2-elf/5.3.0/../../../../../H-x86_64-mingw32/nios2-elf/lib\libc.a(lib_a-isattyr.o)
 .data          0x00000000000509e0        0x0 c:/intelfpga_lite/18.0/nios2eds/bin/gnu/h-x86_64-mingw32/bin/../lib/gcc/nios2-elf/5.3.0/../../../../../H-x86_64-mingw32/nios2-elf/lib\libc.a(lib_a-lseekr.o)
 .data          0x00000000000509e0        0x0 c:/intelfpga_lite/18.0/nios2eds/bin/gnu/h-x86_64-mingw32/bin/../lib/gcc/nios2-elf/5.3.0/../../../../../H-x86_64-mingw32/nios2-elf/lib\libc.a(lib_a-memmove.o)
 .data          0x00000000000509e0        0x0 c:/intelfpga_lite/18.0/nios2eds/bin/gnu/h-x86_64-mingw32/bin/../lib/gcc/nios2-elf/5.3.0/../../../../../H-x86_64-mingw32/nios2-elf/lib\libc.a(lib_a-readr.o)
 .data          0x00000000000509e0        0x0 c:/intelfpga_lite/18.0/nios2eds/bin/gnu/h-x86_64-mingw32/bin/../lib/gcc/nios2-elf/5.3.0/../../../../../H-x86_64-mingw32/nios2-elf/lib\libc.a(lib_a-reallocr.o)
 .data          0x00000000000509e0        0x0 c:/intelfpga_lite/18.0/nios2eds/bin/gnu/h-x86_64-mingw32/bin/../lib/gcc/nios2-elf/5.3.0/../../../../../H-x86_64-mingw32/nios2-elf/lib\libc.a(lib_a-wbuf.o)
 .data          0x00000000000509e0        0x0 c:/intelfpga_lite/18.0/nios2eds/bin/gnu/h-x86_64-mingw32/bin/../lib/gcc/nios2-elf/5.3.0/../../../../../H-x86_64-mingw32/nios2-elf/lib\libc.a(lib_a-wcrtomb.o)
 .data          0x00000000000509e0        0x0 c:/intelfpga_lite/18.0/nios2eds/bin/gnu/h-x86_64-mingw32/bin/../lib/gcc/nios2-elf/5.3.0/../../../../../H-x86_64-mingw32/nios2-elf/lib\libc.a(lib_a-wctomb_r.o)
 .data          0x00000000000509e0        0x0 c:/intelfpga_lite/18.0/nios2eds/bin/gnu/h-x86_64-mingw32/bin/../lib/gcc/nios2-elf/5.3.0\libgcc.a(_udivdi3.o)
 .data          0x00000000000509e0        0x0 c:/intelfpga_lite/18.0/nios2eds/bin/gnu/h-x86_64-mingw32/bin/../lib/gcc/nios2-elf/5.3.0\libgcc.a(_umoddi3.o)
 .data          0x00000000000509e0        0x0 c:/intelfpga_lite/18.0/nios2eds/bin/gnu/h-x86_64-mingw32/bin/../lib/gcc/nios2-elf/5.3.0\libgcc.a(divdf3.o)
 .data          0x00000000000509e0        0x0 c:/intelfpga_lite/18.0/nios2eds/bin/gnu/h-x86_64-mingw32/bin/../lib/gcc/nios2-elf/5.3.0\libgcc.a(eqdf2.o)
 .data          0x00000000000509e0        0x0 c:/intelfpga_lite/18.0/nios2eds/bin/gnu/h-x86_64-mingw32/bin/../lib/gcc/nios2-elf/5.3.0\libgcc.a(gedf2.o)
 .data          0x00000000000509e0        0x0 c:/intelfpga_lite/18.0/nios2eds/bin/gnu/h-x86_64-mingw32/bin/../lib/gcc/nios2-elf/5.3.0\libgcc.a(ledf2.o)
 .data          0x00000000000509e0        0x0 c:/intelfpga_lite/18.0/nios2eds/bin/gnu/h-x86_64-mingw32/bin/../lib/gcc/nios2-elf/5.3.0\libgcc.a(subdf3.o)
 .data          0x00000000000509e0        0x0 c:/intelfpga_lite/18.0/nios2eds/bin/gnu/h-x86_64-mingw32/bin/../lib/gcc/nios2-elf/5.3.0\libgcc.a(fixdfsi.o)
 .data          0x00000000000509e0        0x0 c:/intelfpga_lite/18.0/nios2eds/bin/gnu/h-x86_64-mingw32/bin/../lib/gcc/nios2-elf/5.3.0\libgcc.a(floatsidf.o)
 .data          0x00000000000509e0        0x0 c:/intelfpga_lite/18.0/nios2eds/bin/gnu/h-x86_64-mingw32/bin/../lib/gcc/nios2-elf/5.3.0\libgcc.a(floatunsidf.o)
 .data          0x00000000000509e0        0x0 C:/Users/mtaha/Desktop/Uni/Year_3_2021_2022/ECE342_Labs/Lab6/part3/software/sine_approx_bsp/\libhal_bsp.a(alt_close.o)
 .data          0x00000000000509e0      0x1a8 C:/Users/mtaha/Desktop/Uni/Year_3_2021_2022/ECE342_Labs/Lab6/part3/software/sine_approx_bsp/\libhal_bsp.a(alt_dev.o)
                0x00000000000509e0                alt_dev_null
                0x0000000000050a08                alt_fd_list
 .data          0x0000000000050b88        0x0 C:/Users/mtaha/Desktop/Uni/Year_3_2021_2022/ECE342_Labs/Lab6/part3/software/sine_approx_bsp/\libhal_bsp.a(alt_errno.o)
 .data          0x0000000000050b88        0x0 C:/Users/mtaha/Desktop/Uni/Year_3_2021_2022/ECE342_Labs/Lab6/part3/software/sine_approx_bsp/\libhal_bsp.a(alt_fstat.o)
 .data          0x0000000000050b88        0x0 C:/Users/mtaha/Desktop/Uni/Year_3_2021_2022/ECE342_Labs/Lab6/part3/software/sine_approx_bsp/\libhal_bsp.a(alt_isatty.o)
 .data          0x0000000000050b88        0x0 C:/Users/mtaha/Desktop/Uni/Year_3_2021_2022/ECE342_Labs/Lab6/part3/software/sine_approx_bsp/\libhal_bsp.a(alt_load.o)
 .data          0x0000000000050b88        0x0 C:/Users/mtaha/Desktop/Uni/Year_3_2021_2022/ECE342_Labs/Lab6/part3/software/sine_approx_bsp/\libhal_bsp.a(alt_lseek.o)
 .data          0x0000000000050b88        0x0 C:/Users/mtaha/Desktop/Uni/Year_3_2021_2022/ECE342_Labs/Lab6/part3/software/sine_approx_bsp/\libhal_bsp.a(alt_main.o)
 .data          0x0000000000050b88        0x0 C:/Users/mtaha/Desktop/Uni/Year_3_2021_2022/ECE342_Labs/Lab6/part3/software/sine_approx_bsp/\libhal_bsp.a(alt_malloc_lock.o)
 .data          0x0000000000050b88        0x0 C:/Users/mtaha/Desktop/Uni/Year_3_2021_2022/ECE342_Labs/Lab6/part3/software/sine_approx_bsp/\libhal_bsp.a(alt_read.o)
 .data          0x0000000000050b88        0x0 C:/Users/mtaha/Desktop/Uni/Year_3_2021_2022/ECE342_Labs/Lab6/part3/software/sine_approx_bsp/\libhal_bsp.a(alt_release_fd.o)
 .data          0x0000000000050b88        0x0 C:/Users/mtaha/Desktop/Uni/Year_3_2021_2022/ECE342_Labs/Lab6/part3/software/sine_approx_bsp/\libhal_bsp.a(alt_sbrk.o)
 .data          0x0000000000050b88        0x0 C:/Users/mtaha/Desktop/Uni/Year_3_2021_2022/ECE342_Labs/Lab6/part3/software/sine_approx_bsp/\libhal_bsp.a(alt_write.o)
 .data          0x0000000000050b88     0x1060 C:/Users/mtaha/Desktop/Uni/Year_3_2021_2022/ECE342_Labs/Lab6/part3/software/sine_approx_bsp/\libhal_bsp.a(alt_sys_init.o)
 .data          0x0000000000051be8        0x0 C:/Users/mtaha/Desktop/Uni/Year_3_2021_2022/ECE342_Labs/Lab6/part3/software/sine_approx_bsp/\libhal_bsp.a(altera_avalon_jtag_uart_fd.o)
 .data          0x0000000000051be8        0x0 C:/Users/mtaha/Desktop/Uni/Year_3_2021_2022/ECE342_Labs/Lab6/part3/software/sine_approx_bsp/\libhal_bsp.a(altera_avalon_jtag_uart_init.o)
 .data          0x0000000000051be8        0x0 C:/Users/mtaha/Desktop/Uni/Year_3_2021_2022/ECE342_Labs/Lab6/part3/software/sine_approx_bsp/\libhal_bsp.a(altera_avalon_jtag_uart_ioctl.o)
 .data          0x0000000000051be8        0x0 C:/Users/mtaha/Desktop/Uni/Year_3_2021_2022/ECE342_Labs/Lab6/part3/software/sine_approx_bsp/\libhal_bsp.a(altera_avalon_jtag_uart_read.o)
 .data          0x0000000000051be8        0x0 C:/Users/mtaha/Desktop/Uni/Year_3_2021_2022/ECE342_Labs/Lab6/part3/software/sine_approx_bsp/\libhal_bsp.a(altera_avalon_jtag_uart_write.o)
 .data          0x0000000000051be8        0x0 C:/Users/mtaha/Desktop/Uni/Year_3_2021_2022/ECE342_Labs/Lab6/part3/software/sine_approx_bsp/\libhal_bsp.a(altera_avalon_performance_counter.o)
 .data          0x0000000000051be8        0x0 C:/Users/mtaha/Desktop/Uni/Year_3_2021_2022/ECE342_Labs/Lab6/part3/software/sine_approx_bsp/\libhal_bsp.a(alt_alarm_start.o)
 .data          0x0000000000051be8        0x0 C:/Users/mtaha/Desktop/Uni/Year_3_2021_2022/ECE342_Labs/Lab6/part3/software/sine_approx_bsp/\libhal_bsp.a(alt_dcache_flush_all.o)
 .data          0x0000000000051be8        0x0 C:/Users/mtaha/Desktop/Uni/Year_3_2021_2022/ECE342_Labs/Lab6/part3/software/sine_approx_bsp/\libhal_bsp.a(alt_dev_llist_insert.o)
 .data          0x0000000000051be8        0x0 C:/Users/mtaha/Desktop/Uni/Year_3_2021_2022/ECE342_Labs/Lab6/part3/software/sine_approx_bsp/\libhal_bsp.a(alt_do_ctors.o)
 .data          0x0000000000051be8        0x0 C:/Users/mtaha/Desktop/Uni/Year_3_2021_2022/ECE342_Labs/Lab6/part3/software/sine_approx_bsp/\libhal_bsp.a(alt_do_dtors.o)
 .data          0x0000000000051be8        0x0 C:/Users/mtaha/Desktop/Uni/Year_3_2021_2022/ECE342_Labs/Lab6/part3/software/sine_approx_bsp/\libhal_bsp.a(alt_icache_flush_all.o)
 .data          0x0000000000051be8        0x0 C:/Users/mtaha/Desktop/Uni/Year_3_2021_2022/ECE342_Labs/Lab6/part3/software/sine_approx_bsp/\libhal_bsp.a(alt_iic.o)
 .data          0x0000000000051be8        0x0 C:/Users/mtaha/Desktop/Uni/Year_3_2021_2022/ECE342_Labs/Lab6/part3/software/sine_approx_bsp/\libhal_bsp.a(alt_iic_isr_register.o)
 .data          0x0000000000051be8        0x0 C:/Users/mtaha/Desktop/Uni/Year_3_2021_2022/ECE342_Labs/Lab6/part3/software/sine_approx_bsp/\libhal_bsp.a(alt_io_redirect.o)
 .data          0x0000000000051be8        0x0 C:/Users/mtaha/Desktop/Uni/Year_3_2021_2022/ECE342_Labs/Lab6/part3/software/sine_approx_bsp/\libhal_bsp.a(alt_irq_entry.o)
 .data          0x0000000000051be8        0x0 C:/Users/mtaha/Desktop/Uni/Year_3_2021_2022/ECE342_Labs/Lab6/part3/software/sine_approx_bsp/\libhal_bsp.a(alt_irq_handler.o)
 .data          0x0000000000051be8        0x0 C:/Users/mtaha/Desktop/Uni/Year_3_2021_2022/ECE342_Labs/Lab6/part3/software/sine_approx_bsp/\libhal_bsp.a(alt_irq_vars.o)
 .data          0x0000000000051be8        0x0 C:/Users/mtaha/Desktop/Uni/Year_3_2021_2022/ECE342_Labs/Lab6/part3/software/sine_approx_bsp/\libhal_bsp.a(alt_open.o)
 .data          0x0000000000051be8        0x0 C:/Users/mtaha/Desktop/Uni/Year_3_2021_2022/ECE342_Labs/Lab6/part3/software/sine_approx_bsp/\libhal_bsp.a(alt_tick.o)
 .data          0x0000000000051be8        0x0 C:/Users/mtaha/Desktop/Uni/Year_3_2021_2022/ECE342_Labs/Lab6/part3/software/sine_approx_bsp/\libhal_bsp.a(altera_nios2_gen2_irq.o)
 .data          0x0000000000051be8        0x0 C:/Users/mtaha/Desktop/Uni/Year_3_2021_2022/ECE342_Labs/Lab6/part3/software/sine_approx_bsp/\libhal_bsp.a(alt_exception_entry.o)
 .data          0x0000000000051be8        0x0 C:/Users/mtaha/Desktop/Uni/Year_3_2021_2022/ECE342_Labs/Lab6/part3/software/sine_approx_bsp/\libhal_bsp.a(alt_find_dev.o)
 .data          0x0000000000051be8        0x0 C:/Users/mtaha/Desktop/Uni/Year_3_2021_2022/ECE342_Labs/Lab6/part3/software/sine_approx_bsp/\libhal_bsp.a(alt_find_file.o)
 .data          0x0000000000051be8        0x0 C:/Users/mtaha/Desktop/Uni/Year_3_2021_2022/ECE342_Labs/Lab6/part3/software/sine_approx_bsp/\libhal_bsp.a(alt_get_fd.o)
 .data          0x0000000000051be8        0x0 C:/Users/mtaha/Desktop/Uni/Year_3_2021_2022/ECE342_Labs/Lab6/part3/software/sine_approx_bsp/\libhal_bsp.a(alt_icache_flush.o)
 .data          0x0000000000051be8        0x0 C:/Users/mtaha/Desktop/Uni/Year_3_2021_2022/ECE342_Labs/Lab6/part3/software/sine_approx_bsp/\libhal_bsp.a(alt_instruction_exception_entry.o)
 .data          0x0000000000051be8        0x0 c:/intelfpga_lite/18.0/nios2eds/bin/gnu/h-x86_64-mingw32/bin/../lib/gcc/nios2-elf/5.3.0/../../../../../H-x86_64-mingw32/nios2-elf/lib\libc.a(lib_a-atexit.o)
 .data          0x0000000000051be8        0x0 c:/intelfpga_lite/18.0/nios2eds/bin/gnu/h-x86_64-mingw32/bin/../lib/gcc/nios2-elf/5.3.0/../../../../../H-x86_64-mingw32/nios2-elf/lib\libc.a(lib_a-exit.o)
 .data          0x0000000000051be8        0x0 c:/intelfpga_lite/18.0/nios2eds/bin/gnu/h-x86_64-mingw32/bin/../lib/gcc/nios2-elf/5.3.0/../../../../../H-x86_64-mingw32/nios2-elf/lib\libc.a(lib_a-memcmp.o)
 .data          0x0000000000051be8        0x0 c:/intelfpga_lite/18.0/nios2eds/bin/gnu/h-x86_64-mingw32/bin/../lib/gcc/nios2-elf/5.3.0/../../../../../H-x86_64-mingw32/nios2-elf/lib\libc.a(lib_a-__atexit.o)
 .data          0x0000000000051be8        0x0 c:/intelfpga_lite/18.0/nios2eds/bin/gnu/h-x86_64-mingw32/bin/../lib/gcc/nios2-elf/5.3.0/../../../../../H-x86_64-mingw32/nios2-elf/lib\libc.a(lib_a-__call_atexit.o)
 .data          0x0000000000051be8        0x0 C:/Users/mtaha/Desktop/Uni/Year_3_2021_2022/ECE342_Labs/Lab6/part3/software/sine_approx_bsp/\libhal_bsp.a(alt_exit.o)
                0x0000000000059be8                _gp = ABSOLUTE ((. + 0x8000))
                [!provide]                        PROVIDE (gp, _gp)
 *(.rwdata .rwdata.*)
 *(.sdata .sdata.* .gnu.linkonce.s.*)
 .sdata._global_impure_ptr
                0x0000000000051be8        0x4 c:/intelfpga_lite/18.0/nios2eds/bin/gnu/h-x86_64-mingw32/bin/../lib/gcc/nios2-elf/5.3.0/../../../../../H-x86_64-mingw32/nios2-elf/lib\libc.a(lib_a-impure.o)
                0x0000000000051be8                _global_impure_ptr
 .sdata._impure_ptr
                0x0000000000051bec        0x4 c:/intelfpga_lite/18.0/nios2eds/bin/gnu/h-x86_64-mingw32/bin/../lib/gcc/nios2-elf/5.3.0/../../../../../H-x86_64-mingw32/nios2-elf/lib\libc.a(lib_a-impure.o)
                0x0000000000051bec                _impure_ptr
 .sdata.__mb_cur_max
                0x0000000000051bf0        0x4 c:/intelfpga_lite/18.0/nios2eds/bin/gnu/h-x86_64-mingw32/bin/../lib/gcc/nios2-elf/5.3.0/../../../../../H-x86_64-mingw32/nios2-elf/lib\libc.a(lib_a-locale.o)
                0x0000000000051bf0                __mb_cur_max
 .sdata.__malloc_sbrk_base
                0x0000000000051bf4        0x4 c:/intelfpga_lite/18.0/nios2eds/bin/gnu/h-x86_64-mingw32/bin/../lib/gcc/nios2-elf/5.3.0/../../../../../H-x86_64-mingw32/nios2-elf/lib\libc.a(lib_a-mallocr.o)
                0x0000000000051bf4                __malloc_sbrk_base
 .sdata.__malloc_trim_threshold
                0x0000000000051bf8        0x4 c:/intelfpga_lite/18.0/nios2eds/bin/gnu/h-x86_64-mingw32/bin/../lib/gcc/nios2-elf/5.3.0/../../../../../H-x86_64-mingw32/nios2-elf/lib\libc.a(lib_a-mallocr.o)
                0x0000000000051bf8                __malloc_trim_threshold
 .sdata.__wctomb
                0x0000000000051bfc        0x4 c:/intelfpga_lite/18.0/nios2eds/bin/gnu/h-x86_64-mingw32/bin/../lib/gcc/nios2-elf/5.3.0/../../../../../H-x86_64-mingw32/nios2-elf/lib\libc.a(lib_a-wctomb_r.o)
                0x0000000000051bfc                __wctomb
 .sdata         0x0000000000051c00       0x14 C:/Users/mtaha/Desktop/Uni/Year_3_2021_2022/ECE342_Labs/Lab6/part3/software/sine_approx_bsp/\libhal_bsp.a(alt_dev.o)
                0x0000000000051c00                alt_fs_list
                0x0000000000051c08                alt_dev_list
                0x0000000000051c10                alt_max_fd
 .sdata         0x0000000000051c14        0x4 C:/Users/mtaha/Desktop/Uni/Year_3_2021_2022/ECE342_Labs/Lab6/part3/software/sine_approx_bsp/\libhal_bsp.a(alt_errno.o)
                0x0000000000051c14                alt_errno
 .sdata         0x0000000000051c18        0x4 C:/Users/mtaha/Desktop/Uni/Year_3_2021_2022/ECE342_Labs/Lab6/part3/software/sine_approx_bsp/\libhal_bsp.a(alt_sbrk.o)
 .sdata         0x0000000000051c1c        0x4 C:/Users/mtaha/Desktop/Uni/Year_3_2021_2022/ECE342_Labs/Lab6/part3/software/sine_approx_bsp/\libhal_bsp.a(alt_irq_vars.o)
                0x0000000000051c1c                alt_priority_mask
 .sdata         0x0000000000051c20        0x8 C:/Users/mtaha/Desktop/Uni/Year_3_2021_2022/ECE342_Labs/Lab6/part3/software/sine_approx_bsp/\libhal_bsp.a(alt_tick.o)
                0x0000000000051c20                alt_alarm_list
 *(.sdata2 .sdata2.* .gnu.linkonce.s2.*)
                0x0000000000051c28                . = ALIGN (0x4)
                0x0000000000051c28                _edata = ABSOLUTE (.)
                [!provide]                        PROVIDE (edata, ABSOLUTE (.))
                0x0000000000051c28                PROVIDE (__ram_rwdata_end, ABSOLUTE (.))
                0x0000000000051c28                PROVIDE (__flash_rwdata_start, LOADADDR (.rwdata))

.bss            0x00000000000537b4      0x170
                0x00000000000537b4                __bss_start = ABSOLUTE (.)
                [!provide]                        PROVIDE (__sbss_start, ABSOLUTE (.))
                [!provide]                        PROVIDE (___sbss_start, ABSOLUTE (.))
 *(.dynsbss)
 *(.sbss .sbss.* .gnu.linkonce.sb.*)
 .sbss          0x00000000000537b4       0x10 obj/default/sine_approx.o
                0x00000000000537b4                Q_M
                0x00000000000537b8                Q_N
                0x00000000000537bc                F_ONE
 .sbss._PathLocale
                0x00000000000537c4        0x4 c:/intelfpga_lite/18.0/nios2eds/bin/gnu/h-x86_64-mingw32/bin/../lib/gcc/nios2-elf/5.3.0/../../../../../H-x86_64-mingw32/nios2-elf/lib\libc.a(lib_a-locale.o)
                0x00000000000537c4                _PathLocale
 .sbss.__mlocale_changed
                0x00000000000537c8        0x4 c:/intelfpga_lite/18.0/nios2eds/bin/gnu/h-x86_64-mingw32/bin/../lib/gcc/nios2-elf/5.3.0/../../../../../H-x86_64-mingw32/nios2-elf/lib\libc.a(lib_a-locale.o)
                0x00000000000537c8                __mlocale_changed
 .sbss.__nlocale_changed
                0x00000000000537cc        0x4 c:/intelfpga_lite/18.0/nios2eds/bin/gnu/h-x86_64-mingw32/bin/../lib/gcc/nios2-elf/5.3.0/../../../../../H-x86_64-mingw32/nios2-elf/lib\libc.a(lib_a-locale.o)
                0x00000000000537cc                __nlocale_changed
 .sbss.__malloc_max_total_mem
                0x00000000000537d0        0x4 c:/intelfpga_lite/18.0/nios2eds/bin/gnu/h-x86_64-mingw32/bin/../lib/gcc/nios2-elf/5.3.0/../../../../../H-x86_64-mingw32/nios2-elf/lib\libc.a(lib_a-mallocr.o)
                0x00000000000537d0                __malloc_max_total_mem
 .sbss.__malloc_max_sbrked_mem
                0x00000000000537d4        0x4 c:/intelfpga_lite/18.0/nios2eds/bin/gnu/h-x86_64-mingw32/bin/../lib/gcc/nios2-elf/5.3.0/../../../../../H-x86_64-mingw32/nios2-elf/lib\libc.a(lib_a-mallocr.o)
                0x00000000000537d4                __malloc_max_sbrked_mem
 .sbss.__malloc_top_pad
                0x00000000000537d8        0x4 c:/intelfpga_lite/18.0/nios2eds/bin/gnu/h-x86_64-mingw32/bin/../lib/gcc/nios2-elf/5.3.0/../../../../../H-x86_64-mingw32/nios2-elf/lib\libc.a(lib_a-mallocr.o)
                0x00000000000537d8                __malloc_top_pad
 .sbss          0x00000000000537dc        0x4 c:/intelfpga_lite/18.0/nios2eds/bin/gnu/h-x86_64-mingw32/bin/../lib/gcc/nios2-elf/5.3.0/../../../../../H-x86_64-mingw32/nios2-elf/lib\libc.a(lib_a-int_errno.o)
                0x00000000000537dc                errno
 .sbss          0x00000000000537e0        0xc C:/Users/mtaha/Desktop/Uni/Year_3_2021_2022/ECE342_Labs/Lab6/part3/software/sine_approx_bsp/\libhal_bsp.a(alt_main.o)
                0x00000000000537e0                alt_argc
                0x00000000000537e4                alt_argv
                0x00000000000537e8                alt_envp
 .sbss          0x00000000000537ec        0x4 C:/Users/mtaha/Desktop/Uni/Year_3_2021_2022/ECE342_Labs/Lab6/part3/software/sine_approx_bsp/\libhal_bsp.a(alt_irq_vars.o)
                0x00000000000537ec                alt_irq_active
 .sbss          0x00000000000537f0        0x8 C:/Users/mtaha/Desktop/Uni/Year_3_2021_2022/ECE342_Labs/Lab6/part3/software/sine_approx_bsp/\libhal_bsp.a(alt_tick.o)
                0x00000000000537f0                _alt_tick_rate
                0x00000000000537f4                _alt_nticks
 .sbss          0x00000000000537f8        0x4 C:/Users/mtaha/Desktop/Uni/Year_3_2021_2022/ECE342_Labs/Lab6/part3/software/sine_approx_bsp/\libhal_bsp.a(alt_instruction_exception_entry.o)
                0x00000000000537f8                alt_instruction_exception_handler
 *(.sbss2 .sbss2.* .gnu.linkonce.sb2.*)
 *(.scommon)
                [!provide]                        PROVIDE (__sbss_end, ABSOLUTE (.))
                [!provide]                        PROVIDE (___sbss_end, ABSOLUTE (.))
 *(.dynbss)
 *(.bss .bss.* .gnu.linkonce.b.*)
 .bss           0x00000000000537fc        0x0 C:/Users/mtaha/Desktop/Uni/Year_3_2021_2022/ECE342_Labs/Lab6/part3/software/sine_approx_bsp//obj/HAL/src/crt0.o
 .bss           0x00000000000537fc        0x0 obj/default/sine_approx.o
 .bss           0x00000000000537fc        0x0 c:/intelfpga_lite/18.0/nios2eds/bin/gnu/h-x86_64-mingw32/bin/../lib/gcc/nios2-elf/5.3.0\libgcc.a(lib2-divmod.o)
 .bss           0x00000000000537fc        0x0 c:/intelfpga_lite/18.0/nios2eds/bin/gnu/h-x86_64-mingw32/bin/../lib/gcc/nios2-elf/5.3.0\libgcc.a(adddf3.o)
 .bss           0x00000000000537fc        0x0 c:/intelfpga_lite/18.0/nios2eds/bin/gnu/h-x86_64-mingw32/bin/../lib/gcc/nios2-elf/5.3.0\libgcc.a(muldf3.o)
 .bss           0x00000000000537fc        0x0 c:/intelfpga_lite/18.0/nios2eds/bin/gnu/h-x86_64-mingw32/bin/../lib/gcc/nios2-elf/5.3.0\libgcc.a(extendsfdf2.o)
 .bss           0x00000000000537fc        0x0 c:/intelfpga_lite/18.0/nios2eds/bin/gnu/h-x86_64-mingw32/bin/../lib/gcc/nios2-elf/5.3.0\libgcc.a(truncdfsf2.o)
 .bss           0x00000000000537fc        0x0 c:/intelfpga_lite/18.0/nios2eds/bin/gnu/h-x86_64-mingw32/bin/../lib/gcc/nios2-elf/5.3.0\libgcc.a(_clzsi2.o)
 .bss           0x00000000000537fc        0x0 c:/intelfpga_lite/18.0/nios2eds/bin/gnu/h-x86_64-mingw32/bin/../lib/gcc/nios2-elf/5.3.0\libgcc.a(_clz.o)
 .bss           0x00000000000537fc        0x0 c:/intelfpga_lite/18.0/nios2eds/bin/gnu/h-x86_64-mingw32/bin/../lib/gcc/nios2-elf/5.3.0/../../../../../H-x86_64-mingw32/nios2-elf/lib\libc.a(lib_a-printf.o)
 .bss           0x00000000000537fc        0x0 c:/intelfpga_lite/18.0/nios2eds/bin/gnu/h-x86_64-mingw32/bin/../lib/gcc/nios2-elf/5.3.0/../../../../../H-x86_64-mingw32/nios2-elf/lib\libc.a(lib_a-vfprintf.o)